Archive member included to satisfy reference by file (symbol)

app/libapp.a(Init.cpp.obj)    (--whole-archive)
app/libapp.a(System_startup.cpp.obj)
                              (--whole-archive)
app/libapp.a(main.c.obj)      (--whole-archive)
app/libapp.a(trd_led.cpp.obj)
                              (--whole-archive)
zephyr/libzephyr.a(validate_libc.c.obj)
                              (--whole-archive)
zephyr/libzephyr.a(cpp_dtors.c.obj)
                              (--whole-archive)
zephyr/libzephyr.a(heap.c.obj)
                              (--whole-archive)
zephyr/libzephyr.a(cbprintf_packaged.c.obj)
                              (--whole-archive)
zephyr/libzephyr.a(clock.c.obj)
                              (--whole-archive)
zephyr/libzephyr.a(printk.c.obj)
                              (--whole-archive)
zephyr/libzephyr.a(sem.c.obj)
                              (--whole-archive)
zephyr/libzephyr.a(thread_entry.c.obj)
                              (--whole-archive)
zephyr/libzephyr.a(cbprintf_complete.c.obj)
                              (--whole-archive)
zephyr/libzephyr.a(assert.c.obj)
                              (--whole-archive)
zephyr/libzephyr.a(dec.c.obj)
                              (--whole-archive)
zephyr/libzephyr.a(hex.c.obj)
                              (--whole-archive)
zephyr/libzephyr.a(rb.c.obj)  (--whole-archive)
zephyr/libzephyr.a(timeutil.c.obj)
                              (--whole-archive)
zephyr/libzephyr.a(bitarray.c.obj)
                              (--whole-archive)
zephyr/libzephyr.a(bitmask.c.obj)
                              (--whole-archive)
zephyr/libzephyr.a(getopt.c.obj)
                              (--whole-archive)
zephyr/libzephyr.a(getopt_common.c.obj)
                              (--whole-archive)
zephyr/libzephyr.a(ring_buffer.c.obj)
                              (--whole-archive)
zephyr/libzephyr.a(last_section_id.c.obj)
                              (--whole-archive)
zephyr/libzephyr.a(configs.c.obj)
                              (--whole-archive)
zephyr/libzephyr.a(stm32cube_hal.c.obj)
                              (--whole-archive)
zephyr/libzephyr.a(soc_config.c.obj)
                              (--whole-archive)
zephyr/libzephyr.a(stm32_backup_domain.c.obj)
                              (--whole-archive)
zephyr/libzephyr.a(soc.c.obj)
                              (--whole-archive)
zephyr/libzephyr.a(mem_attr.c.obj)
                              (--whole-archive)
zephyr/libzephyr.a(tracing_none.c.obj)
                              (--whole-archive)
zephyr/arch/common/libarch__common.a(sw_isr_common.c.obj)
                              (--whole-archive)
zephyr/arch/common/libarch__common.a(init.c.obj)
                              (--whole-archive)
zephyr/arch/common/libarch__common.a(xip.c.obj)
                              (--whole-archive)
zephyr/arch/arch/arm/core/libarch__arm__core.a(fatal.c.obj)
                              (--whole-archive)
zephyr/arch/arch/arm/core/libarch__arm__core.a(nmi.c.obj)
                              (--whole-archive)
zephyr/arch/arch/arm/core/libarch__arm__core.a(nmi_on_reset.S.obj)
                              (--whole-archive)
zephyr/arch/arch/arm/core/libarch__arm__core.a(__aeabi_atexit.c.obj)
                              (--whole-archive)
zephyr/arch/arch/arm/core/libarch__arm__core.a(tls.c.obj)
                              (--whole-archive)
zephyr/arch/arch/arm/core/cortex_m/libarch__arm__core__cortex_m.a(exc_exit.c.obj)
                              (--whole-archive)
zephyr/arch/arch/arm/core/cortex_m/libarch__arm__core__cortex_m.a(fault.c.obj)
                              (--whole-archive)
zephyr/arch/arch/arm/core/cortex_m/libarch__arm__core__cortex_m.a(fault_s.S.obj)
                              (--whole-archive)
zephyr/arch/arch/arm/core/cortex_m/libarch__arm__core__cortex_m.a(fpu.c.obj)
                              (--whole-archive)
zephyr/arch/arch/arm/core/cortex_m/libarch__arm__core__cortex_m.a(reset.S.obj)
                              (--whole-archive)
zephyr/arch/arch/arm/core/cortex_m/libarch__arm__core__cortex_m.a(scb.c.obj)
                              (--whole-archive)
zephyr/arch/arch/arm/core/cortex_m/libarch__arm__core__cortex_m.a(thread_abort.c.obj)
                              (--whole-archive)
zephyr/arch/arch/arm/core/cortex_m/libarch__arm__core__cortex_m.a(vector_table.S.obj)
                              (--whole-archive)
zephyr/arch/arch/arm/core/cortex_m/libarch__arm__core__cortex_m.a(swap_helper.S.obj)
                              (--whole-archive)
zephyr/arch/arch/arm/core/cortex_m/libarch__arm__core__cortex_m.a(irq_manage.c.obj)
                              (--whole-archive)
zephyr/arch/arch/arm/core/cortex_m/libarch__arm__core__cortex_m.a(prep_c.c.obj)
                              (--whole-archive)
zephyr/arch/arch/arm/core/cortex_m/libarch__arm__core__cortex_m.a(thread.c.obj)
                              (--whole-archive)
[...]
Memory Configuration

Name             Origin             Length             Attributes
FLASH            0x0000000008000000 0x0000000000100000 xr
RAM              0x0000000020000000 0x0000000000020000 xw
SRAM0            0x0000000020000000 0x0000000000020000 rw
DTCM             0x0000000010000000 0x0000000000010000 rw
IDT_LIST         0x00000000ffff7fff 0x0000000000008000 xw
*default*        0x0000000000000000 0xffffffffffffffff

Linker script and memory map

                0x0000000008003e50                vfprintf = __l_vfprintf
                0x0000000000000000                vfscanf = __l_vfscanf
LOAD zephyr/CMakeFiles/zephyr_final.dir/misc/empty_file.c.obj
LOAD zephyr/CMakeFiles/zephyr_final.dir/isr_tables.c.obj
LOAD zephyr/CMakeFiles/offsets.dir/./arch/arm/core/offsets/offsets.c.obj
LOAD app/libapp.a
LOAD zephyr/libzephyr.a
LOAD zephyr/arch/common/libarch__common.a
LOAD zephyr/arch/arch/arm/core/libarch__arm__core.a
LOAD zephyr/arch/arch/arm/core/cortex_m/libarch__arm__core__cortex_m.a
LOAD zephyr/arch/arch/arm/core/mpu/libarch__arm__core__mpu.a
LOAD zephyr/lib/libc/picolibc/liblib__libc__picolibc.a
LOAD zephyr/lib/libc/common/liblib__libc__common.a
LOAD zephyr/lib/posix/c_lib_ext/liblib__posix__c_lib_ext.a
LOAD zephyr/subsys/zbus/libsubsys__zbus.a
LOAD zephyr/drivers/interrupt_controller/libdrivers__interrupt_controller.a
LOAD zephyr/drivers/clock_control/libdrivers__clock_control.a
LOAD zephyr/drivers/gpio/libdrivers__gpio.a
LOAD zephyr/drivers/timer/libdrivers__timer.a
LOAD modules/hal_stm32/stm32cube/lib..__modules__hal__stm32__stm32cube.a
LOAD zephyr/kernel/libkernel.a
LOAD bsp/bsp_gpio/libbsp_gpio.a
LOAD zephyr/arch/common/libisr_tables.a
LOAD d:\zephyr\zephyr-sdk-0.16.8\arm-zephyr-eabi\bin\../lib/gcc/../../picolibc/arm-zephyr-eabi/lib/thumb/v7e-m/nofp\libstdc++.a
LOAD d:\zephyr\zephyr-sdk-0.16.8\arm-zephyr-eabi\bin\../lib/gcc/../../picolibc/arm-zephyr-eabi/lib/thumb/v7e-m/nofp\libc.a
LOAD d:/zephyr/zephyr-sdk-0.16.8/arm-zephyr-eabi/bin/../lib/gcc/arm-zephyr-eabi/12.2.0/thumb/v7e-m/nofp\libgcc.a
                0x0000000000000020                _region_min_align = 0x20

.rel.plt        0x0000000008000000        0x0
 *(SORT_BY_ALIGNMENT(.rel.plt))
                [!provide]                        PROVIDE (__rel_iplt_start = .)
 *(SORT_BY_ALIGNMENT(.rel.iplt))
 .rel.iplt      0x0000000008000000        0x0 zephyr/CMakeFiles/zephyr_final.dir/isr_tables.c.obj
                [!provide]                        PROVIDE (__rel_iplt_end = .)

.rela.plt       0x0000000000000000        0x0
 *(SORT_BY_ALIGNMENT(.rela.plt))
                [!provide]                        PROVIDE (__rela_iplt_start = .)
 *(SORT_BY_ALIGNMENT(.rela.iplt))
                [!provide]                        PROVIDE (__rela_iplt_end = .)

.rel.dyn
 *(SORT_BY_ALIGNMENT(.rel.*))

.rela.dyn
 *(SORT_BY_ALIGNMENT(.rela.*))

/DISCARD/
 *(SORT_BY_ALIGNMENT(.plt))

/DISCARD/
 *(SORT_BY_ALIGNMENT(.iplt))
                0x0000000008000000                __rom_region_start = 0x8000000

rom_start       0x0000000008000000      0x188
                0x0000000008000000                __rom_start_address = .
 FILL mask 0x00
                0x0000000008000000                . = (. + (0x0 - (. - __rom_start_address)))
                0x0000000008000000                . = ALIGN (0x4)
                0x0000000008000000                . = ALIGN (0x80)
                0x0000000008000000                . = ALIGN (0x200)
                0x0000000008000000                _vector_start = .
 *(SORT_BY_ALIGNMENT(.exc_vector_table))
 *(SORT_BY_ALIGNMENT(.exc_vector_table.*))
 .exc_vector_table._vector_table_section
                0x0000000008000000       0x40 zephyr/arch/arch/arm/core/cortex_m/libarch__arm__core__cortex_m.a(vector_table.S.obj)
                0x0000000008000000                _vector_table
 *(SORT_BY_ALIGNMENT(.vectors))
                0x0000000008000188                _vector_end = .
                0x0000000008000040                . = ALIGN (0x4)
 *(SORT_BY_ALIGNMENT(.gnu.linkonce.irq_vector_table*))
 .gnu.linkonce.irq_vector_table
                0x0000000008000040      0x148 zephyr/CMakeFiles/zephyr_final.dir/isr_tables.c.obj
                0x0000000008000040                _irq_vector_table
                0x0000000008000188                _vector_end = .

text            0x0000000008000188     0x54a8
                0x0000000008000188                __text_region_start = .
 *(SORT_BY_ALIGNMENT(.text))
 .text          0x0000000008000188       0x30 d:/zephyr/zephyr-sdk-0.16.8/arm-zephyr-eabi/bin/../lib/gcc/arm-zephyr-eabi/12.2.0/thumb/v7e-m/nofp\libgcc.a(_aeabi_uldivmod.o)
                0x0000000008000188                __aeabi_uldivmod
 .text          0x00000000080001b8      0x904 d:/zephyr/zephyr-sdk-0.16.8/arm-zephyr-eabi/bin/../lib/gcc/arm-zephyr-eabi/12.2.0/thumb/v7e-m/nofp\libgcc.a(unwind-arm.o)
                0x000000000800042c                _Unwind_GetCFA
                0x0000000008000430                __gnu_Unwind_RaiseException
                0x000000000800048a                __gnu_Unwind_ForcedUnwind
                0x000000000800049c                __gnu_Unwind_Resume
                0x00000000080004dc                __gnu_Unwind_Resume_or_Rethrow
                0x00000000080004ea                _Unwind_Complete
                0x00000000080004ec                _Unwind_DeleteException
                0x00000000080004f8                _Unwind_VRS_Get
                0x0000000008000540                _Unwind_VRS_Set
                0x0000000008000588                __gnu_Unwind_Backtrace
                0x0000000008000844                __aeabi_unwind_cpp_pr0
                0x0000000008000848                __aeabi_unwind_cpp_pr1
                0x000000000800084c                __aeabi_unwind_cpp_pr2
                0x0000000008000850                _Unwind_VRS_Pop
 .text          0x0000000008000abc      0x1ac d:/zephyr/zephyr-sdk-0.16.8/arm-zephyr-eabi/bin/../lib/gcc/arm-zephyr-eabi/12.2.0/thumb/v7e-m/nofp\libgcc.a(libunwind.o)
                0x0000000008000abc                __restore_core_regs
                0x0000000008000abc                restore_core_regs
                0x0000000008000ad4                __gnu_Unwind_Restore_VFP
                0x0000000008000adc                __gnu_Unwind_Save_VFP
                0x0000000008000ae4                __gnu_Unwind_Restore_VFP_D
                0x0000000008000aec                __gnu_Unwind_Save_VFP_D
                0x0000000008000af4                __gnu_Unwind_Restore_VFP_D_16_to_31
                0x0000000008000afc                __gnu_Unwind_Save_VFP_D_16_to_31
                0x0000000008000b04                __gnu_Unwind_Restore_WMMXD
                0x0000000008000b48                __gnu_Unwind_Save_WMMXD
                0x0000000008000b8c                __gnu_Unwind_Restore_WMMXC
                0x0000000008000ba0                __gnu_Unwind_Save_WMMXC
                0x0000000008000bb4                ___Unwind_RaiseException
                0x0000000008000bb4                _Unwind_RaiseException
                0x0000000008000bd8                _Unwind_Resume
                0x0000000008000bd8                ___Unwind_Resume
                0x0000000008000bfc                _Unwind_Resume_or_Rethrow
                0x0000000008000bfc                ___Unwind_Resume_or_Rethrow
                0x0000000008000c20                _Unwind_ForcedUnwind
                0x0000000008000c20                ___Unwind_ForcedUnwind
                0x0000000008000c44                ___Unwind_Backtrace
                0x0000000008000c44                _Unwind_Backtrace
 .text          0x0000000008000c68        0x4 d:/zephyr/zephyr-sdk-0.16.8/arm-zephyr-eabi/bin/../lib/gcc/arm-zephyr-eabi/12.2.0/thumb/v7e-m/nofp\libgcc.a(_dvmd_tls.o)
                0x0000000008000c68                __aeabi_idiv0
                0x0000000008000c68                __aeabi_ldiv0
 .text          0x0000000008000c6c       0x14 d:\zephyr\zephyr-sdk-0.16.8\arm-zephyr-eabi\bin\../lib/gcc/../../picolibc/arm-zephyr-eabi/lib/thumb/v7e-m/nofp\libc.a(strcmp.S.o)
                0x0000000008000c6c                strcmp
 .text          0x0000000008000c80      0x2a0 d:/zephyr/zephyr-sdk-0.16.8/arm-zephyr-eabi/bin/../lib/gcc/arm-zephyr-eabi/12.2.0/thumb/v7e-m/nofp\libgcc.a(_udivmoddi4.o)
                0x0000000008000c80                __udivmoddi4
 .text          0x0000000008000f20      0x2d4 d:/zephyr/zephyr-sdk-0.16.8/arm-zephyr-eabi/bin/../lib/gcc/arm-zephyr-eabi/12.2.0/thumb/v7e-m/nofp\libgcc.a(pr-support.o)
                0x0000000008000f6a                __gnu_unwind_execute
                0x00000000080011ae                __gnu_unwind_frame
                0x00000000080011d8                _Unwind_GetRegionStart
                0x00000000080011e2                _Unwind_GetLanguageSpecificData
 *(SORT_BY_ALIGNMENT(.text.*))
 .text._Z19System_Modules_Initv
                0x00000000080011f4       0x60 app/libapp.a(System_startup.cpp.obj)
                0x00000000080011f4                System_Modules_Init()
 .text._GLOBAL__sub_I__Z15System_Bsp_Initv
                0x0000000008001254       0x24 app/libapp.a(System_startup.cpp.obj)
 .text._ZL4TaskPvS_S_
                0x0000000008001278       0xa4 app/libapp.a(trd_led.cpp.obj)
 .text._ZN6thread3led12thread_startEh
                0x000000000800131c       0x38 app/libapp.a(trd_led.cpp.obj)
                0x000000000800131c                thread::led::thread_start(unsigned char)
 .text._GLOBAL__sub_I__ZN6thread3led12thread_startEh
                0x0000000008001354       0x24 app/libapp.a(trd_led.cpp.obj)
 .text.char_out
                0x0000000008001378        0xc zephyr/libzephyr.a(printk.c.obj)
 .text.vprintk  0x0000000008001384       0x30 zephyr/libzephyr.a(printk.c.obj)
                0x0000000008001384                vprintk
 .text.z_thread_entry
                0x00000000080013b4       0x34 zephyr/libzephyr.a(thread_entry.c.obj)
                0x00000000080013b4                z_thread_entry
 .text.st_stm32_common_config
                0x00000000080013e8       0x14 zephyr/libzephyr.a(soc_config.c.obj)
 .text.soc_early_init_hook
                0x00000000080013fc       0x30 zephyr/libzephyr.a(soc.c.obj)
                0x00000000080013fc                soc_early_init_hook
 .text.mem_attr_get_regions
                0x000000000800142c        0xc zephyr/libzephyr.a(mem_attr.c.obj)
                0x000000000800142c                mem_attr_get_regions
 .text.arch_bss_zero
                0x0000000008001438       0x18 zephyr/arch/common/libarch__common.a(init.c.obj)
                0x0000000008001438                arch_bss_zero
 .text.arch_data_copy
                0x0000000008001450       0x38 zephyr/arch/common/libarch__common.a(xip.c.obj)
                0x0000000008001450                arch_data_copy
 .text.z_arm_fatal_error
                0x0000000008001488       0x60 zephyr/arch/arch/arm/core/libarch__arm__core.a(fatal.c.obj)
                0x0000000008001488                z_arm_fatal_error
 .text.z_SysNmiOnReset
                0x00000000080014e8        0x8 zephyr/arch/arch/arm/core/libarch__arm__core.a(nmi_on_reset.S.obj)
                0x00000000080014e8                z_SysNmiOnReset
 .text.arch_tls_stack_setup
                0x00000000080014f0       0x40 zephyr/arch/arch/arm/core/libarch__arm__core.a(tls.c.obj)
                0x00000000080014f0                arch_tls_stack_setup
 .text._HandlerModeExit
                0x0000000008001530       0x20 zephyr/arch/arch/arm/core/cortex_m/libarch__arm__core__cortex_m.a(exc_exit.c.obj)
                0x0000000008001530                z_arm_int_exit
                0x0000000008001530                z_arm_exc_exit
 .text.mem_manage_fault
                0x0000000008001550       0xf0 zephyr/arch/arch/arm/core/cortex_m/libarch__arm__core__cortex_m.a(fault.c.obj)
 .text.usage_fault.constprop.0
                0x0000000008001640       0x98 zephyr/arch/arch/arm/core/cortex_m/libarch__arm__core__cortex_m.a(fault.c.obj)
 .text.bus_fault.constprop.0
                0x00000000080016d8       0xb8 zephyr/arch/arch/arm/core/cortex_m/libarch__arm__core__cortex_m.a(fault.c.obj)
 .text.z_arm_fault
                0x0000000008001790      0x1a0 zephyr/arch/arch/arm/core/cortex_m/libarch__arm__core__cortex_m.a(fault.c.obj)
                0x0000000008001790                z_arm_fault
 .text.z_arm_fault_init
                0x0000000008001930       0x18 zephyr/arch/arch/arm/core/cortex_m/libarch__arm__core__cortex_m.a(fault.c.obj)
                0x0000000008001930                z_arm_fault_init
 .text.__fault  0x0000000008001948       0x14 zephyr/arch/arch/arm/core/cortex_m/libarch__arm__core__cortex_m.a(fault_s.S.obj)
                0x0000000008001948                z_arm_usage_fault
                0x0000000008001948                z_arm_mpu_fault
                0x0000000008001948                z_arm_exc_spurious
                0x0000000008001948                z_arm_debug_monitor
                0x0000000008001948                z_arm_hard_fault
                0x0000000008001948                z_arm_bus_fault
 .text._reset_section
                0x000000000800195c       0x34 zephyr/arch/arch/arm/core/cortex_m/libarch__arm__core__cortex_m.a(reset.S.obj)
                0x000000000800195c                __start
                0x000000000800195c                z_arm_reset
 .text.z_impl_k_thread_abort
                0x0000000008001990       0x2c zephyr/arch/arch/arm/core/cortex_m/libarch__arm__core__cortex_m.a(thread_abort.c.obj)
                0x0000000008001990                z_impl_k_thread_abort
 .text.z_arm_pendsv
                0x00000000080019bc       0x60 zephyr/arch/arch/arm/core/cortex_m/libarch__arm__core__cortex_m.a(swap_helper.S.obj)
                0x00000000080019bc                z_arm_pendsv
 .text.z_arm_svc
                0x0000000008001a1c       0x24 zephyr/arch/arch/arm/core/cortex_m/libarch__arm__core__cortex_m.a(swap_helper.S.obj)
                0x0000000008001a1c                z_arm_svc
 .text.arm_irq_enable
                0x0000000008001a40       0x1c zephyr/arch/arch/arm/core/cortex_m/libarch__arm__core__cortex_m.a(irq_manage.c.obj)
                0x0000000008001a40                arm_irq_enable
 .text.arm_irq_priority_set
                0x0000000008001a5c       0x30 zephyr/arch/arch/arm/core/cortex_m/libarch__arm__core__cortex_m.a(irq_manage.c.obj)
                0x0000000008001a5c                arm_irq_priority_set
 .text.relocate_vector_table
                0x0000000008001a8c       0x1c zephyr/arch/arch/arm/core/cortex_m/libarch__arm__core__cortex_m.a(prep_c.c.obj)
                0x0000000008001a8c                relocate_vector_table
 .text.z_prep_c
                0x0000000008001aa8       0x38 zephyr/arch/arch/arm/core/cortex_m/libarch__arm__core__cortex_m.a(prep_c.c.obj)
                0x0000000008001aa8                z_prep_c
 .text.arch_new_thread
                0x0000000008001ae0       0x38 zephyr/arch/arch/arm/core/cortex_m/libarch__arm__core__cortex_m.a(thread.c.obj)
                0x0000000008001ae0                arch_new_thread
 .text.z_check_thread_stack_fail
                0x0000000008001b18       0x2c zephyr/arch/arch/arm/core/cortex_m/libarch__arm__core__cortex_m.a(thread.c.obj)
                0x0000000008001b18                z_check_thread_stack_fail
 .text.arch_switch_to_main_thread
                0x0000000008001b44       0x3c zephyr/arch/arch/arm/core/cortex_m/libarch__arm__core__cortex_m.a(thread.c.obj)
                0x0000000008001b44                arch_switch_to_main_thread
 .text.z_arm_cpu_idle_init
                0x0000000008001b80        0xc zephyr/arch/arch/arm/core/cortex_m/libarch__arm__core__cortex_m.a(cpu_idle.c.obj)
                0x0000000008001b80                z_arm_cpu_idle_init
 .text.z_arm_interrupt_init
                0x0000000008001b8c       0x18 zephyr/arch/arch/arm/core/cortex_m/libarch__arm__core__cortex_m.a(irq_init.c.obj)
                0x0000000008001b8c                z_arm_interrupt_init
 .text._isr_wrapper
                0x0000000008001ba4       0x24 zephyr/arch/arch/arm/core/cortex_m/libarch__arm__core__cortex_m.a(isr_wrapper.c.obj)
                0x0000000008001ba4                _isr_wrapper
 .text.__aeabi_read_tp
                0x0000000008001bc8        0xc zephyr/arch/arch/arm/core/cortex_m/libarch__arm__core__cortex_m.a(__aeabi_read_tp.S.obj)
                0x0000000008001bc8                __aeabi_read_tp
 .text.z_arm_configure_static_mpu_regions
                0x0000000008001bd4       0x18 zephyr/arch/arch/arm/core/mpu/libarch__arm__core__mpu.a(arm_core_mpu.c.obj)
                0x0000000008001bd4                z_arm_configure_static_mpu_regions
 .text.z_arm_configure_dynamic_mpu_regions
                0x0000000008001bec       0x20 zephyr/arch/arch/arm/core/mpu/libarch__arm__core__mpu.a(arm_core_mpu.c.obj)
                0x0000000008001bec                z_arm_configure_dynamic_mpu_regions
 .text.region_init
                0x0000000008001c0c       0x28 zephyr/arch/arch/arm/core/mpu/libarch__arm__core__mpu.a(arm_mpu.c.obj)
 .text.mpu_configure_regions
                0x0000000008001c34       0x6c zephyr/arch/arch/arm/core/mpu/libarch__arm__core__mpu.a(arm_mpu.c.obj)
 .text.arm_core_mpu_enable
                0x0000000008001ca0       0x18 zephyr/arch/arch/arm/core/mpu/libarch__arm__core__mpu.a(arm_mpu.c.obj)
                0x0000000008001ca0                arm_core_mpu_enable
 .text.arm_core_mpu_disable
                0x0000000008001cb8       0x14 zephyr/arch/arch/arm/core/mpu/libarch__arm__core__mpu.a(arm_mpu.c.obj)
                0x0000000008001cb8                arm_core_mpu_disable
 .text.arm_core_mpu_configure_static_mpu_regions
                0x0000000008001ccc       0x14 zephyr/arch/arch/arm/core/mpu/libarch__arm__core__mpu.a(arm_mpu.c.obj)
                0x0000000008001ccc                arm_core_mpu_configure_static_mpu_regions
 .text.arm_core_mpu_configure_dynamic_mpu_regions
                0x0000000008001ce0       0x38 zephyr/arch/arch/arm/core/mpu/libarch__arm__core__mpu.a(arm_mpu.c.obj)
                0x0000000008001ce0                arm_core_mpu_configure_dynamic_mpu_regions
 .text.z_arm_mpu_init
                0x0000000008001d18      0x188 zephyr/arch/arch/arm/core/mpu/libarch__arm__core__mpu.a(arm_mpu.c.obj)
                0x0000000008001d18                z_arm_mpu_init
 .text.abort    0x0000000008001ea0       0x1c zephyr/lib/libc/common/liblib__libc__common.a(abort.c.obj)
                0x0000000008001ea0                abort
 .text.malloc_prepare
                0x0000000008001ebc       0x24 zephyr/lib/libc/common/liblib__libc__common.a(malloc.c.obj)
 .text.malloc_lock
                0x0000000008001ee0       0x14 zephyr/lib/libc/common/liblib__libc__common.a(malloc.c.obj)
 .text.malloc_unlock
                0x0000000008001ef4        0xc zephyr/lib/libc/common/liblib__libc__common.a(malloc.c.obj)
 .text.malloc   0x0000000008001f00       0x34 zephyr/lib/libc/common/liblib__libc__common.a(malloc.c.obj)
                0x0000000008001f00                malloc
 .text.free     0x0000000008001f34       0x1c zephyr/lib/libc/common/liblib__libc__common.a(malloc.c.obj)
                0x0000000008001f34                free
 .text._zbus_init
                0x0000000008001f50       0x48 zephyr/subsys/zbus/libsubsys__zbus.a(zbus.c.obj)
                0x0000000008001f50                _zbus_init
 .text.stm32_exti_init
                0x0000000008001f98       0x3c zephyr/drivers/interrupt_controller/libdrivers__interrupt_controller.a(intc_exti_stm32.c.obj)
 .text.stm32_exti_is_pending
                0x0000000008001fd4       0x20 zephyr/drivers/interrupt_controller/libdrivers__interrupt_controller.a(intc_exti_stm32.c.obj)
                0x0000000008001fd4                stm32_exti_is_pending
 .text.stm32_exti_clear_pending
                0x0000000008001ff4       0x20 zephyr/drivers/interrupt_controller/libdrivers__interrupt_controller.a(intc_exti_stm32.c.obj)
                0x0000000008001ff4                stm32_exti_clear_pending
 .text.stm32_fill_irq_table
                0x0000000008002014       0x18 zephyr/drivers/interrupt_controller/libdrivers__interrupt_controller.a(intc_gpio_stm32.c.obj)
 .text.stm32_intc_gpio_isr
                0x000000000800202c       0x4c zephyr/drivers/interrupt_controller/libdrivers__interrupt_controller.a(intc_gpio_stm32.c.obj)
 .text.stm32_gpio_intc_enable_line
                0x0000000008002078       0x2c zephyr/drivers/interrupt_controller/libdrivers__interrupt_controller.a(intc_gpio_stm32.c.obj)
                0x0000000008002078                stm32_gpio_intc_enable_line
 .text.stm32_gpio_intc_disable_line
                0x00000000080020a4       0x10 zephyr/drivers/interrupt_controller/libdrivers__interrupt_controller.a(intc_gpio_stm32.c.obj)
                0x00000000080020a4                stm32_gpio_intc_disable_line
 .text.stm32_gpio_intc_select_line_trigger
                0x00000000080020b4       0x50 zephyr/drivers/interrupt_controller/libdrivers__interrupt_controller.a(intc_gpio_stm32.c.obj)
                0x00000000080020b4                stm32_gpio_intc_select_line_trigger
 .text.stm32_gpio_intc_set_irq_callback
                0x0000000008002104       0x40 zephyr/drivers/interrupt_controller/libdrivers__interrupt_controller.a(intc_gpio_stm32.c.obj)
                0x0000000008002104                stm32_gpio_intc_set_irq_callback
 .text.stm32_gpio_intc_remove_irq_callback
                0x0000000008002144       0x24 zephyr/drivers/interrupt_controller/libdrivers__interrupt_controller.a(intc_gpio_stm32.c.obj)
                0x0000000008002144                stm32_gpio_intc_remove_irq_callback
 .text.stm32_exti_get_line_src_port
                0x0000000008002168       0x30 zephyr/drivers/interrupt_controller/libdrivers__interrupt_controller.a(intc_gpio_stm32.c.obj)
                0x0000000008002168                stm32_exti_get_line_src_port
 .text.stm32_clock_control_get_subsys_rate
                0x0000000008002198       0xb0 zephyr/drivers/clock_control/libdrivers__clock_control.a(clock_stm32_ll_common.c.obj)
 .text.enabled_clock
                0x0000000008002248       0x20 zephyr/drivers/clock_control/libdrivers__clock_control.a(clock_stm32_ll_common.c.obj)
                0x0000000008002248                enabled_clock
 .text.stm32_clock_control_init
                0x0000000008002268      0x124 zephyr/drivers/clock_control/libdrivers__clock_control.a(clock_stm32_ll_common.c.obj)
                0x0000000008002268                stm32_clock_control_init
 .text.get_pllsrc_frequency
                0x000000000800238c        0x8 zephyr/drivers/clock_control/libdrivers__clock_control.a(clock_stm32f2_f4_f7.c.obj)
                0x000000000800238c                get_pllsrc_frequency
 .text.config_pll_sysclock
                0x0000000008002394       0x38 zephyr/drivers/clock_control/libdrivers__clock_control.a(clock_stm32f2_f4_f7.c.obj)
                0x0000000008002394                config_pll_sysclock
 .text.config_enable_default_clocks
                0x00000000080023cc       0x20 zephyr/drivers/clock_control/libdrivers__clock_control.a(clock_stm32f2_f4_f7.c.obj)
                0x00000000080023cc                config_enable_default_clocks
 .text.gpio_stm32_pin_interrupt_configure
                0x00000000080023ec       0xb0 zephyr/drivers/gpio/libdrivers__gpio.a(gpio_stm32.c.obj)
 .text.gpio_stm32_init
                0x000000000800249c       0x38 zephyr/drivers/gpio/libdrivers__gpio.a(gpio_stm32.c.obj)
 .text.elapsed  0x00000000080024d4       0x4c zephyr/drivers/timer/libdrivers__timer.a(cortex_m_systick.c.obj)
 .text.sys_clock_driver_init
                0x0000000008002520       0x34 zephyr/drivers/timer/libdrivers__timer.a(cortex_m_systick.c.obj)
 .text.sys_clock_isr
                0x0000000008002554       0x60 zephyr/drivers/timer/libdrivers__timer.a(cortex_m_systick.c.obj)
                0x0000000008002554                sys_clock_isr
 .text.sys_clock_set_timeout
                0x00000000080025b4       0xf8 zephyr/drivers/timer/libdrivers__timer.a(cortex_m_systick.c.obj)
                0x00000000080025b4                sys_clock_set_timeout
 .text.sys_clock_elapsed
                0x00000000080026ac       0x3c zephyr/drivers/timer/libdrivers__timer.a(cortex_m_systick.c.obj)
                0x00000000080026ac                sys_clock_elapsed
 .text.HAL_RCC_GetSysClockFreq
                0x00000000080026e8       0x5c modules/hal_stm32/stm32cube/lib..__modules__hal__stm32__stm32cube.a(stm32f4xx_hal_rcc.c.obj)
                0x00000000080026e8                HAL_RCC_GetSysClockFreq
 .text.LL_SetFlashLatency
                0x0000000008002744       0xe4 modules/hal_stm32/stm32cube/lib..__modules__hal__stm32__stm32cube.a(stm32f4xx_ll_utils.c.obj)
                0x0000000008002744                LL_SetFlashLatency
 .text.z_fatal_error
                0x0000000008002828       0x30 zephyr/kernel/libkernel.a(fatal.c.obj)
                0x0000000008002828                z_fatal_error
 .text.z_sys_init_run_level
                0x0000000008002858       0x30 zephyr/kernel/libkernel.a(init.c.obj)
 .text.bg_thread_main
                0x0000000008002888       0xdc zephyr/kernel/libkernel.a(init.c.obj)
 .text.z_init_cpu
                0x0000000008002964       0x70 zephyr/kernel/libkernel.a(init.c.obj)
                0x0000000008002964                z_init_cpu
 .text.z_cstart
                0x00000000080029d4       0xcc zephyr/kernel/libkernel.a(init.c.obj)
                0x00000000080029d4                z_cstart
 .text.z_impl_k_mutex_lock
                0x0000000008002aa0       0xf0 zephyr/kernel/libkernel.a(mutex.c.obj)
                0x0000000008002aa0                z_impl_k_mutex_lock
 .text.z_impl_k_mutex_unlock
                0x0000000008002b90       0xa0 zephyr/kernel/libkernel.a(mutex.c.obj)
                0x0000000008002b90                z_impl_k_mutex_unlock
 .text.z_setup_new_thread
                0x0000000008002c30       0x98 zephyr/kernel/libkernel.a(thread.c.obj)
                0x0000000008002c30                z_setup_new_thread
 .text.z_impl_k_thread_create
                0x0000000008002cc8       0x58 zephyr/kernel/libkernel.a(thread.c.obj)
                0x0000000008002cc8                z_impl_k_thread_create
 .text.z_dummy_thread_init
                0x0000000008002d20       0x18 zephyr/kernel/libkernel.a(thread.c.obj)
                0x0000000008002d20                z_dummy_thread_init
 .text.z_swap_irqlock
                0x0000000008002d38       0x30 zephyr/kernel/libkernel.a(sched.c.obj)
 .text.ready_thread
                0x0000000008002d68       0x84 zephyr/kernel/libkernel.a(sched.c.obj)
 .text.unready_thread
                0x0000000008002dec       0x54 zephyr/kernel/libkernel.a(sched.c.obj)
 .text.add_thread_timeout
                0x0000000008002e40       0x1c zephyr/kernel/libkernel.a(sched.c.obj)
 .text.move_current_to_end_of_prio_q
                0x0000000008002e5c       0x70 zephyr/kernel/libkernel.a(sched.c.obj)
                0x0000000008002e5c                move_current_to_end_of_prio_q
 .text.z_pend_curr
                0x0000000008002ecc       0x44 zephyr/kernel/libkernel.a(sched.c.obj)
                0x0000000008002ecc                z_pend_curr
 .text.z_thread_prio_set
                0x0000000008002f10       0xe4 zephyr/kernel/libkernel.a(sched.c.obj)
                0x0000000008002f10                z_thread_prio_set
 .text.z_reschedule
                0x0000000008002ff4       0x24 zephyr/kernel/libkernel.a(sched.c.obj)
                0x0000000008002ff4                z_reschedule
 .text.z_reschedule_irqlock
                0x0000000008003018       0x28 zephyr/kernel/libkernel.a(sched.c.obj)
                0x0000000008003018                z_reschedule_irqlock
 .text.k_sched_lock
                0x0000000008003040       0x28 zephyr/kernel/libkernel.a(sched.c.obj)
                0x0000000008003040                k_sched_lock
 .text.k_sched_unlock
                0x0000000008003068       0x68 zephyr/kernel/libkernel.a(sched.c.obj)
                0x0000000008003068                k_sched_unlock
 .text.z_sched_init
                0x00000000080030d0       0x10 zephyr/kernel/libkernel.a(sched.c.obj)
                0x00000000080030d0                z_sched_init
 .text.z_impl_k_yield
                0x00000000080030e0       0x88 zephyr/kernel/libkernel.a(sched.c.obj)
                0x00000000080030e0                z_impl_k_yield
 .text.z_tick_sleep
                0x0000000008003168       0x78 zephyr/kernel/libkernel.a(sched.c.obj)
 .text.z_impl_k_wakeup
                0x00000000080031e0       0x48 zephyr/kernel/libkernel.a(sched.c.obj)
                0x00000000080031e0                z_impl_k_wakeup
 .text.z_impl_k_sched_current_thread_query
                0x0000000008003228        0xc zephyr/kernel/libkernel.a(sched.c.obj)
                0x0000000008003228                z_impl_k_sched_current_thread_query
 .text.z_thread_abort
                0x0000000008003234      0x140 zephyr/kernel/libkernel.a(sched.c.obj)
                0x0000000008003234                z_thread_abort
 .text.z_time_slice_size
                0x0000000008003374       0x40 zephyr/kernel/libkernel.a(timeslicing.c.obj)
 .text.slice_timeout
                0x00000000080033b4       0x20 zephyr/kernel/libkernel.a(timeslicing.c.obj)
 .text.z_reset_time_slice
                0x00000000080033d4       0x48 zephyr/kernel/libkernel.a(timeslicing.c.obj)
                0x00000000080033d4                z_reset_time_slice
 .text.z_time_slice
                0x000000000800341c       0x5c zephyr/kernel/libkernel.a(timeslicing.c.obj)
                0x000000000800341c                z_time_slice
 .text.first    0x0000000008003478       0x10 zephyr/kernel/libkernel.a(timeout.c.obj)
 .text.elapsed  0x0000000008003488       0x14 zephyr/kernel/libkernel.a(timeout.c.obj)
 .text.remove_timeout
                0x000000000800349c       0x38 zephyr/kernel/libkernel.a(timeout.c.obj)
 .text.z_add_timeout
                0x00000000080034d4      0x120 zephyr/kernel/libkernel.a(timeout.c.obj)
                0x00000000080034d4                z_add_timeout
 .text.sys_clock_announce
                0x00000000080035f4       0xc0 zephyr/kernel/libkernel.a(timeout.c.obj)
                0x00000000080035f4                sys_clock_announce
 .text.sys_clock_tick_get
                0x00000000080036b4       0x30 zephyr/kernel/libkernel.a(timeout.c.obj)
                0x00000000080036b4                sys_clock_tick_get
 .text.boot_banner
                0x00000000080036e4        0xc zephyr/kernel/libkernel.a(banner.c.obj)
                0x00000000080036e4                boot_banner
 .text.statics_init
                0x00000000080036f0       0x24 zephyr/kernel/libkernel.a(kheap.c.obj)
 .text._Z13bsp_gpio_initPK12gpio_dt_spec11BspGpioMode
                0x0000000008003714       0x68 bsp/bsp_gpio/libbsp_gpio.a(bsp_gpio.cpp.obj)
                0x0000000008003714                bsp_gpio_init(gpio_dt_spec const*, BspGpioMode)
 .text.__cxa_guard_acquire
                0x000000000800377c       0x38 d:\zephyr\zephyr-sdk-0.16.8\arm-zephyr-eabi\bin\../lib/gcc/../../picolibc/arm-zephyr-eabi/lib/thumb/v7e-m/nofp\libstdc++.a(guard.o)
                0x000000000800377c                __cxa_guard_acquire
 .text._ZN9__gnu_cxx20recursive_init_errorD2Ev
                0x00000000080037b4       0x14 d:\zephyr\zephyr-sdk-0.16.8\arm-zephyr-eabi\bin\../lib/gcc/../../picolibc/arm-zephyr-eabi/lib/thumb/v7e-m/nofp\libstdc++.a(guard_error.o)
                0x00000000080037b4                __gnu_cxx::recursive_init_error::~recursive_init_error()
                0x00000000080037b4                __gnu_cxx::recursive_init_error::~recursive_init_error()
 .text._ZN9__gnu_cxx20recursive_init_errorC2Ev
                0x00000000080037c8        0xc d:\zephyr\zephyr-sdk-0.16.8\arm-zephyr-eabi\bin\../lib/gcc/../../picolibc/arm-zephyr-eabi/lib/thumb/v7e-m/nofp\libstdc++.a(guard_error.o)
                0x00000000080037c8                __gnu_cxx::recursive_init_error::recursive_init_error()
                0x00000000080037c8                __gnu_cxx::recursive_init_error::recursive_init_error()
 .text._ZN10__cxxabiv120__si_class_type_infoD2Ev
                0x00000000080037d4       0x14 d:\zephyr\zephyr-sdk-0.16.8\arm-zephyr-eabi\bin\../lib/gcc/../../picolibc/arm-zephyr-eabi/lib/thumb/v7e-m/nofp\libstdc++.a(si_class_type_info.o)
                0x00000000080037d4                __cxxabiv1::__si_class_type_info::~__si_class_type_info()
                0x00000000080037d4                __cxxabiv1::__si_class_type_info::~__si_class_type_info()
 .text._ZN10__cxxabiv117__class_type_infoD2Ev
                0x00000000080037e8       0x14 d:\zephyr\zephyr-sdk-0.16.8\arm-zephyr-eabi\bin\../lib/gcc/../../picolibc/arm-zephyr-eabi/lib/thumb/v7e-m/nofp\libstdc++.a(class_type_info.o)
                0x00000000080037e8                __cxxabiv1::__class_type_info::~__class_type_info()
                0x00000000080037e8                __cxxabiv1::__class_type_info::~__class_type_info()
 .text._ZN12_GLOBAL__N_14pool4freeEPv.constprop.0
                0x00000000080037fc       0x6c d:\zephyr\zephyr-sdk-0.16.8\arm-zephyr-eabi\bin\../lib/gcc/../../picolibc/arm-zephyr-eabi/lib/thumb/v7e-m/nofp\libstdc++.a(eh_alloc.o)
 .text._ZN12_GLOBAL__N_14pool8allocateEj.constprop.0
                0x0000000008003868       0x48 d:\zephyr\zephyr-sdk-0.16.8\arm-zephyr-eabi\bin\../lib/gcc/../../picolibc/arm-zephyr-eabi/lib/thumb/v7e-m/nofp\libstdc++.a(eh_alloc.o)
 .text.__cxa_free_exception
                0x00000000080038b0       0x20 d:\zephyr\zephyr-sdk-0.16.8\arm-zephyr-eabi\bin\../lib/gcc/../../picolibc/arm-zephyr-eabi/lib/thumb/v7e-m/nofp\libstdc++.a(eh_alloc.o)
                0x00000000080038b0                __cxa_free_exception
 .text.startup._GLOBAL__sub_I__ZN9__gnu_cxx9__freeresEv
                0x00000000080038d0       0x28 d:\zephyr\zephyr-sdk-0.16.8\arm-zephyr-eabi\bin\../lib/gcc/../../picolibc/arm-zephyr-eabi/lib/thumb/v7e-m/nofp\libstdc++.a(eh_alloc.o)
 .text._ZNKSt9exception4whatEv
                0x00000000080038f8        0x8 d:\zephyr\zephyr-sdk-0.16.8\arm-zephyr-eabi\bin\../lib/gcc/../../picolibc/arm-zephyr-eabi/lib/thumb/v7e-m/nofp\libstdc++.a(eh_exception.o)
                0x00000000080038f8                std::exception::what() const
                0x00000000080038f8                transaction clone for std::exception::what() const
 .text._ZNKSt13bad_exception4whatEv
                0x0000000008003900        0x8 d:\zephyr\zephyr-sdk-0.16.8\arm-zephyr-eabi\bin\../lib/gcc/../../picolibc/arm-zephyr-eabi/lib/thumb/v7e-m/nofp\libstdc++.a(eh_exception.o)
                0x0000000008003900                std::bad_exception::what() const
                0x0000000008003900                transaction clone for std::bad_exception::what() const
 .text._ZSt13get_terminatev
                0x0000000008003908       0x10 d:\zephyr\zephyr-sdk-0.16.8\arm-zephyr-eabi\bin\../lib/gcc/../../picolibc/arm-zephyr-eabi/lib/thumb/v7e-m/nofp\libstdc++.a(eh_terminate.o)
                0x0000000008003908                std::get_terminate()
 .text._ZSt14get_unexpectedv
                0x0000000008003918       0x10 d:\zephyr\zephyr-sdk-0.16.8\arm-zephyr-eabi\bin\../lib/gcc/../../picolibc/arm-zephyr-eabi/lib/thumb/v7e-m/nofp\libstdc++.a(eh_terminate.o)
                0x0000000008003918                std::get_unexpected()
 .text.__cxa_init_primary_exception
                0x0000000008003928       0x58 d:\zephyr\zephyr-sdk-0.16.8\arm-zephyr-eabi\bin\../lib/gcc/../../picolibc/arm-zephyr-eabi/lib/thumb/v7e-m/nofp\libstdc++.a(eh_throw.o)
                0x0000000008003928                __cxa_init_primary_exception
 .text.__cxa_get_globals_fast
                0x0000000008003980        0x8 d:\zephyr\zephyr-sdk-0.16.8\arm-zephyr-eabi\bin\../lib/gcc/../../picolibc/arm-zephyr-eabi/lib/thumb/v7e-m/nofp\libstdc++.a(eh_globals.o)
                0x0000000008003980                __cxa_get_globals_fast
 .text.__cxa_get_globals
                0x0000000008003988        0x8 d:\zephyr\zephyr-sdk-0.16.8\arm-zephyr-eabi\bin\../lib/gcc/../../picolibc/arm-zephyr-eabi/lib/thumb/v7e-m/nofp\libstdc++.a(eh_globals.o)
                0x0000000008003988                __cxa_get_globals
 .text.startup._GLOBAL__sub_I___cxa_get_globals_fast
                0x0000000008003990       0x18 d:\zephyr\zephyr-sdk-0.16.8\arm-zephyr-eabi\bin\../lib/gcc/../../picolibc/arm-zephyr-eabi/lib/thumb/v7e-m/nofp\libstdc++.a(eh_globals.o)
 .text.__gxx_personality_v0
                0x00000000080039a8      0x338 d:\zephyr\zephyr-sdk-0.16.8\arm-zephyr-eabi\bin\../lib/gcc/../../picolibc/arm-zephyr-eabi/lib/thumb/v7e-m/nofp\libstdc++.a(eh_personality.o)
                0x00000000080039a8                __gxx_personality_v0
 .text.__cxa_type_match
                0x0000000008003ce0       0xa0 d:\zephyr\zephyr-sdk-0.16.8\arm-zephyr-eabi\bin\../lib/gcc/../../picolibc/arm-zephyr-eabi/lib/thumb/v7e-m/nofp\libstdc++.a(eh_arm.o)
                0x0000000008003ce0                __cxa_type_match
 .text.unlikely.__cxa_call_unexpected
                0x0000000008003d80       0xd0 d:\zephyr\zephyr-sdk-0.16.8\arm-zephyr-eabi\bin\../lib/gcc/../../picolibc/arm-zephyr-eabi/lib/thumb/v7e-m/nofp\libstdc++.a(eh_call.o)
                0x0000000008003d80                __cxa_call_unexpected
 .text.__l_vfprintf
                0x0000000008003e50      0x4b8 d:\zephyr\zephyr-sdk-0.16.8\arm-zephyr-eabi\bin\../lib/gcc/../../picolibc/arm-zephyr-eabi/lib/thumb/v7e-m/nofp\libc.a(libc_tinystdio_vflprintf.c.o)
                0x0000000008003e50                __l_vfprintf
 .text._OffsetAbsSyms
                0x0000000008004308        0x2 zephyr/CMakeFiles/offsets.dir/./arch/arm/core/offsets/offsets.c.obj
                0x0000000008004308                _OffsetAbsSyms
 .text.Init     0x000000000800430a       0x12 app/libapp.a(Init.cpp.obj)
                0x000000000800430a                Init
 .text._Z15System_Bsp_Initv
                0x000000000800431c        0x2 app/libapp.a(System_startup.cpp.obj)
                0x000000000800431c                System_Bsp_Init()
 .text._Z19System_Thread_Startv
                0x000000000800431e        0x6 app/libapp.a(System_startup.cpp.obj)
                0x000000000800431e                System_Thread_Start()
 .text.main     0x0000000008004324       0x12 app/libapp.a(main.c.obj)
                0x0000000008004324                main
 .text.__cxa_atexit
                0x0000000008004336        0x4 zephyr/libzephyr.a(cpp_dtors.c.obj)
                0x0000000008004336                __cxa_atexit
 .text.chunk_size
                0x000000000800433a        0xa zephyr/libzephyr.a(heap.c.obj)
 .text.free_list_add
                0x0000000008004344       0x4e zephyr/libzephyr.a(heap.c.obj)
 .text.free_list_remove_bidx
                0x0000000008004392       0x3a zephyr/libzephyr.a(heap.c.obj)
 .text.free_list_remove
                0x00000000080043cc       0x1a zephyr/libzephyr.a(heap.c.obj)
 .text.alloc_chunk
                0x00000000080043e6       0x6e zephyr/libzephyr.a(heap.c.obj)
 .text.merge_chunks
                0x0000000008004454       0x2c zephyr/libzephyr.a(heap.c.obj)
 .text.split_chunks
                0x0000000008004480       0x34 zephyr/libzephyr.a(heap.c.obj)
 .text.free_chunk
                0x00000000080044b4       0x62 zephyr/libzephyr.a(heap.c.obj)
 .text.sys_heap_free
                0x0000000008004516       0x1e zephyr/libzephyr.a(heap.c.obj)
                0x0000000008004516                sys_heap_free
 .text.sys_heap_alloc
                0x0000000008004534       0x5a zephyr/libzephyr.a(heap.c.obj)
                0x0000000008004534                sys_heap_alloc
 .text.sys_heap_aligned_alloc
                0x000000000800458e       0xde zephyr/libzephyr.a(heap.c.obj)
                0x000000000800458e                sys_heap_aligned_alloc
 .text.sys_heap_init
                0x000000000800466c       0x7a zephyr/libzephyr.a(heap.c.obj)
                0x000000000800466c                sys_heap_init
 .text.arch_printk_char_out
                0x00000000080046e6        0x4 zephyr/libzephyr.a(printk.c.obj)
                0x00000000080046e6                arch_printk_char_out
 .text.printk   0x00000000080046ea       0x1a zephyr/libzephyr.a(printk.c.obj)
                0x00000000080046ea                printk
 .text._ConfigAbsSyms
                0x0000000008004704        0x2 zephyr/libzephyr.a(configs.c.obj)
                0x0000000008004704                _ConfigAbsSyms
 .text.arch_early_memset
                0x0000000008004706        0x4 zephyr/arch/common/libarch__common.a(init.c.obj)
                0x0000000008004706                arch_early_memset
 .text.arch_early_memcpy
                0x000000000800470a        0x4 zephyr/arch/common/libarch__common.a(init.c.obj)
                0x000000000800470a                arch_early_memcpy
 .text.z_do_kernel_oops
                0x000000000800470e        0x8 zephyr/arch/arch/arm/core/libarch__arm__core.a(fatal.c.obj)
                0x000000000800470e                z_do_kernel_oops
 .text.z_arm_nmi
                0x0000000008004716        0xe zephyr/arch/arch/arm/core/libarch__arm__core.a(nmi.c.obj)
                0x0000000008004716                z_arm_nmi
 .text.__aeabi_atexit
                0x0000000008004724        0xa zephyr/arch/arch/arm/core/libarch__arm__core.a(__aeabi_atexit.c.obj)
                0x0000000008004724                __aeabi_atexit
 .text.z_irq_spurious
                0x000000000800472e        0x8 zephyr/arch/arch/arm/core/cortex_m/libarch__arm__core__cortex_m.a(irq_manage.c.obj)
                0x000000000800472e                z_irq_spurious
 .text.arch_coprocessors_disable
                0x0000000008004736        0x6 zephyr/arch/arch/arm/core/cortex_m/libarch__arm__core__cortex_m.a(thread.c.obj)
                0x0000000008004736                arch_coprocessors_disable
 .text.arch_irq_unlock_outlined
                0x000000000800473c        0xe zephyr/arch/arch/arm/core/cortex_m/libarch__arm__core__cortex_m.a(thread.c.obj)
                0x000000000800473c                arch_irq_unlock_outlined
 .text.arch_cpu_idle
                0x000000000800474a       0x1a zephyr/arch/arch/arm/core/cortex_m/libarch__arm__core__cortex_m.a(cpu_idle.c.obj)
                0x000000000800474a                arch_cpu_idle
 .text.size_to_mpu_rasr_size
                0x0000000008004764       0x20 zephyr/arch/arch/arm/core/mpu/libarch__arm__core__mpu.a(arm_mpu.c.obj)
 .text.stm32_exti_gpio_intc_init
                0x0000000008004784       0x92 zephyr/drivers/interrupt_controller/libdrivers__interrupt_controller.a(intc_gpio_stm32.c.obj)
 .text.stm32_gpio_intc_get_pin_irq_line
                0x0000000008004816        0xa zephyr/drivers/interrupt_controller/libdrivers__interrupt_controller.a(intc_gpio_stm32.c.obj)
                0x0000000008004816                stm32_gpio_intc_get_pin_irq_line
 .text.stm32_exti_set_line_src_port
                0x0000000008004820       0x36 zephyr/drivers/interrupt_controller/libdrivers__interrupt_controller.a(intc_gpio_stm32.c.obj)
                0x0000000008004820                stm32_exti_set_line_src_port
 .text.stm32_clock_control_on
                0x0000000008004856       0x44 zephyr/drivers/clock_control/libdrivers__clock_control.a(clock_stm32_ll_common.c.obj)
 .text.stm32_clock_control_off
                0x000000000800489a       0x2c zephyr/drivers/clock_control/libdrivers__clock_control.a(clock_stm32_ll_common.c.obj)
 .text.stm32_clock_control_configure
                0x00000000080048c6       0x58 zephyr/drivers/clock_control/libdrivers__clock_control.a(clock_stm32_ll_common.c.obj)
 .text.stm32_clock_control_get_status
                0x000000000800491e       0x38 zephyr/drivers/clock_control/libdrivers__clock_control.a(clock_stm32_ll_common.c.obj)
 .text.config_regulator_voltage
                0x0000000008004956        0x2 zephyr/drivers/clock_control/libdrivers__clock_control.a(clock_stm32_ll_common.c.obj)
                0x0000000008004956                config_regulator_voltage
 .text.gpio_stm32_port_get_raw
                0x0000000008004958        0xc zephyr/drivers/gpio/libdrivers__gpio.a(gpio_stm32.c.obj)
 .text.gpio_stm32_port_set_masked_raw
                0x0000000008004964       0x12 zephyr/drivers/gpio/libdrivers__gpio.a(gpio_stm32.c.obj)
 .text.gpio_stm32_port_set_bits_raw
                0x0000000008004976        0xa zephyr/drivers/gpio/libdrivers__gpio.a(gpio_stm32.c.obj)
 .text.gpio_stm32_port_clear_bits_raw
                0x0000000008004980        0xc zephyr/drivers/gpio/libdrivers__gpio.a(gpio_stm32.c.obj)
 .text.gpio_stm32_port_toggle_bits
                0x000000000800498c        0xe zephyr/drivers/gpio/libdrivers__gpio.a(gpio_stm32.c.obj)
 .text.gpio_stm32_manage_callback
                0x000000000800499a       0x52 zephyr/drivers/gpio/libdrivers__gpio.a(gpio_stm32.c.obj)
 .text.gpio_stm32_configure_raw.isra.0
                0x00000000080049ec      0x106 zephyr/drivers/gpio/libdrivers__gpio.a(gpio_stm32.c.obj)
 .text.gpio_stm32_config
                0x0000000008004af2       0xd8 zephyr/drivers/gpio/libdrivers__gpio.a(gpio_stm32.c.obj)
 .text.gpio_stm32_isr
                0x0000000008004bca       0x2c zephyr/drivers/gpio/libdrivers__gpio.a(gpio_stm32.c.obj)
 .text.do_device_init
                0x0000000008004bf6       0x30 zephyr/kernel/libkernel.a(device.c.obj)
                0x0000000008004bf6                do_device_init
 .text.z_impl_device_is_ready
                0x0000000008004c26       0x16 zephyr/kernel/libkernel.a(device.c.obj)
                0x0000000008004c26                z_impl_device_is_ready
 .text.arch_system_halt
                0x0000000008004c3c       0x10 zephyr/kernel/libkernel.a(fatal.c.obj)
                0x0000000008004c3c                arch_system_halt
 .text.k_sys_fatal_error_handler
                0x0000000008004c4c        0x6 zephyr/kernel/libkernel.a(fatal.c.obj)
                0x0000000008004c4c                k_sys_fatal_error_handler
 .text.idle     0x0000000008004c52       0x16 zephyr/kernel/libkernel.a(idle.c.obj)
                0x0000000008004c52                idle
 .text.adjust_owner_prio.isra.0
                0x0000000008004c68       0x10 zephyr/kernel/libkernel.a(mutex.c.obj)
 .text.sys_dlist_remove
                0x0000000008004c78       0x10 zephyr/kernel/libkernel.a(sched.c.obj)
 .text.unpend_thread_no_timeout
                0x0000000008004c88       0x14 zephyr/kernel/libkernel.a(sched.c.obj)
 .text.add_to_waitq_locked
                0x0000000008004c9c       0x50 zephyr/kernel/libkernel.a(sched.c.obj)
 .text.z_ready_thread
                0x0000000008004cec       0x1e zephyr/kernel/libkernel.a(sched.c.obj)
                0x0000000008004cec                z_ready_thread
 .text.z_sched_wake_thread
                0x0000000008004d0a       0x3a zephyr/kernel/libkernel.a(sched.c.obj)
                0x0000000008004d0a                z_sched_wake_thread
 .text.z_thread_timeout
                0x0000000008004d44        0x8 zephyr/kernel/libkernel.a(sched.c.obj)
                0x0000000008004d44                z_thread_timeout
 .text.z_impl_k_sleep
                0x0000000008004d4c       0x3e zephyr/kernel/libkernel.a(sched.c.obj)
                0x0000000008004d4c                z_impl_k_sleep
 .text.next_timeout
                0x0000000008004d8a       0x2e zephyr/kernel/libkernel.a(timeout.c.obj)
 .text.z_abort_timeout
                0x0000000008004db8       0x50 zephyr/kernel/libkernel.a(timeout.c.obj)
                0x0000000008004db8                z_abort_timeout
 .text.sys_clock_tick_get_32
                0x0000000008004e08        0x8 zephyr/kernel/libkernel.a(timeout.c.obj)
                0x0000000008004e08                sys_clock_tick_get_32
 .text.k_heap_init
                0x0000000008004e10       0x14 zephyr/kernel/libkernel.a(kheap.c.obj)
                0x0000000008004e10                k_heap_init
 .text._Z15bsp_gpio_toggleRK10BspGpioObj
                0x0000000008004e24       0x16 bsp/bsp_gpio/libbsp_gpio.a(bsp_gpio.cpp.obj)
                0x0000000008004e24                bsp_gpio_toggle(BspGpioObj const&)
 .text.__cxa_guard_release
                0x0000000008004e3a        0x6 d:\zephyr\zephyr-sdk-0.16.8\arm-zephyr-eabi\bin\../lib/gcc/../../picolibc/arm-zephyr-eabi/lib/thumb/v7e-m/nofp\libstdc++.a(guard.o)
                0x0000000008004e3a                __cxa_guard_release
 .text._ZN9__gnu_cxx20recursive_init_errorD0Ev
                0x0000000008004e40       0x14 d:\zephyr\zephyr-sdk-0.16.8\arm-zephyr-eabi\bin\../lib/gcc/../../picolibc/arm-zephyr-eabi/lib/thumb/v7e-m/nofp\libstdc++.a(guard_error.o)
                0x0000000008004e40                __gnu_cxx::recursive_init_error::~recursive_init_error()
 .text._ZN10__cxxabiv120__si_class_type_infoD0Ev
                0x0000000008004e54       0x14 d:\zephyr\zephyr-sdk-0.16.8\arm-zephyr-eabi\bin\../lib/gcc/../../picolibc/arm-zephyr-eabi/lib/thumb/v7e-m/nofp\libstdc++.a(si_class_type_info.o)
                0x0000000008004e54                __cxxabiv1::__si_class_type_info::~__si_class_type_info()
 .text._ZNK10__cxxabiv120__si_class_type_info20__do_find_public_srcEiPKvPKNS_17__class_type_infoES2_
                0x0000000008004e68       0x3c d:\zephyr\zephyr-sdk-0.16.8\arm-zephyr-eabi\bin\../lib/gcc/../../picolibc/arm-zephyr-eabi/lib/thumb/v7e-m/nofp\libstdc++.a(si_class_type_info.o)
                0x0000000008004e68                __cxxabiv1::__si_class_type_info::__do_find_public_src(int, void const*, __cxxabiv1::__class_type_info const*, void const*) const
 .text._ZNK10__cxxabiv120__si_class_type_info12__do_dyncastEiNS_17__class_type_info10__sub_kindEPKS1_PKvS4_S6_RNS1_16__dyncast_resultE
                0x0000000008004ea4       0x74 d:\zephyr\zephyr-sdk-0.16.8\arm-zephyr-eabi\bin\../lib/gcc/../../picolibc/arm-zephyr-eabi/lib/thumb/v7e-m/nofp\libstdc++.a(si_class_type_info.o)
                0x0000000008004ea4                __cxxabiv1::__si_class_type_info::__do_dyncast(int, __cxxabiv1::__class_type_info::__sub_kind, __cxxabiv1::__class_type_info const*, void const*, __cxxabiv1::__class_type_info const*, void const*, __cxxabiv1::__class_type_info::__dyncast_result&) const
 .text._ZNK10__cxxabiv120__si_class_type_info11__do_upcastEPKNS_17__class_type_infoEPKvRNS1_15__upcast_resultE
                0x0000000008004f18       0x2a d:\zephyr\zephyr-sdk-0.16.8\arm-zephyr-eabi\bin\../lib/gcc/../../picolibc/arm-zephyr-eabi/lib/thumb/v7e-m/nofp\libstdc++.a(si_class_type_info.o)
                0x0000000008004f18                __cxxabiv1::__si_class_type_info::__do_upcast(__cxxabiv1::__class_type_info const*, void const*, __cxxabiv1::__class_type_info::__upcast_result&) const
 .text._ZNSt9type_infoD2Ev
                0x0000000008004f42        0x2 d:\zephyr\zephyr-sdk-0.16.8\arm-zephyr-eabi\bin\../lib/gcc/../../picolibc/arm-zephyr-eabi/lib/thumb/v7e-m/nofp\libstdc++.a(tinfo.o)
                0x0000000008004f42                std::type_info::~type_info()
                0x0000000008004f42                std::type_info::~type_info()
 .text._ZNKSt9type_info14__is_pointer_pEv
                0x0000000008004f44        0x4 d:\zephyr\zephyr-sdk-0.16.8\arm-zephyr-eabi\bin\../lib/gcc/../../picolibc/arm-zephyr-eabi/lib/thumb/v7e-m/nofp\libstdc++.a(tinfo.o)
                0x0000000008004f44                std::type_info::__is_pointer_p() const
                0x0000000008004f44                std::type_info::__is_function_p() const
 .text._ZNKSt9type_infoeqERKS_
                0x0000000008004f48       0x2c d:\zephyr\zephyr-sdk-0.16.8\arm-zephyr-eabi\bin\../lib/gcc/../../picolibc/arm-zephyr-eabi/lib/thumb/v7e-m/nofp\libstdc++.a(tinfo.o)
                0x0000000008004f48                std::type_info::operator==(std::type_info const&) const
                0x0000000008004f48                std::type_info::__equal(std::type_info const&) const
 .text._ZNK10__cxxabiv117__class_type_info11__do_upcastEPKS0_PPv
                0x0000000008004f74       0x32 d:\zephyr\zephyr-sdk-0.16.8\arm-zephyr-eabi\bin\../lib/gcc/../../picolibc/arm-zephyr-eabi/lib/thumb/v7e-m/nofp\libstdc++.a(class_type_info.o)
                0x0000000008004f74                __cxxabiv1::__class_type_info::__do_upcast(__cxxabiv1::__class_type_info const*, void**) const
 .text._ZNK10__cxxabiv117__class_type_info20__do_find_public_srcEiPKvPKS0_S2_
                0x0000000008004fa6        0xc d:\zephyr\zephyr-sdk-0.16.8\arm-zephyr-eabi\bin\../lib/gcc/../../picolibc/arm-zephyr-eabi/lib/thumb/v7e-m/nofp\libstdc++.a(class_type_info.o)
                0x0000000008004fa6                __cxxabiv1::__class_type_info::__do_find_public_src(int, void const*, __cxxabiv1::__class_type_info const*, void const*) const
 .text._ZN10__cxxabiv117__class_type_infoD0Ev
                0x0000000008004fb2       0x14 d:\zephyr\zephyr-sdk-0.16.8\arm-zephyr-eabi\bin\../lib/gcc/../../picolibc/arm-zephyr-eabi/lib/thumb/v7e-m/nofp\libstdc++.a(class_type_info.o)
                0x0000000008004fb2                __cxxabiv1::__class_type_info::~__class_type_info()
 .text._ZNK10__cxxabiv117__class_type_info12__do_dyncastEiNS0_10__sub_kindEPKS0_PKvS3_S5_RNS0_16__dyncast_resultE
                0x0000000008004fc6       0x3e d:\zephyr\zephyr-sdk-0.16.8\arm-zephyr-eabi\bin\../lib/gcc/../../picolibc/arm-zephyr-eabi/lib/thumb/v7e-m/nofp\libstdc++.a(class_type_info.o)
                0x0000000008004fc6                __cxxabiv1::__class_type_info::__do_dyncast(int, __cxxabiv1::__class_type_info::__sub_kind, __cxxabiv1::__class_type_info const*, void const*, __cxxabiv1::__class_type_info const*, void const*, __cxxabiv1::__class_type_info::__dyncast_result&) const
 .text._ZNK10__cxxabiv117__class_type_info11__do_upcastEPKS0_PKvRNS0_15__upcast_resultE
                0x0000000008005004       0x18 d:\zephyr\zephyr-sdk-0.16.8\arm-zephyr-eabi\bin\../lib/gcc/../../picolibc/arm-zephyr-eabi/lib/thumb/v7e-m/nofp\libstdc++.a(class_type_info.o)
                0x0000000008005004                __cxxabiv1::__class_type_info::__do_upcast(__cxxabiv1::__class_type_info const*, void const*, __cxxabiv1::__class_type_info::__upcast_result&) const
 .text._ZNK10__cxxabiv117__class_type_info10__do_catchEPKSt9type_infoPPvj
                0x000000000800501c       0x2a d:\zephyr\zephyr-sdk-0.16.8\arm-zephyr-eabi\bin\../lib/gcc/../../picolibc/arm-zephyr-eabi/lib/thumb/v7e-m/nofp\libstdc++.a(class_type_info.o)
                0x000000000800501c                __cxxabiv1::__class_type_info::__do_catch(std::type_info const*, void**, unsigned int) const
 .text._ZdlPvj  0x0000000008005046        0x4 d:\zephyr\zephyr-sdk-0.16.8\arm-zephyr-eabi\bin\../lib/gcc/../../picolibc/arm-zephyr-eabi/lib/thumb/v7e-m/nofp\libstdc++.a(del_ops.o)
                0x0000000008005046                operator delete(void*, unsigned int)
 .text.__cxa_allocate_exception
                0x000000000800504a       0x2c d:\zephyr\zephyr-sdk-0.16.8\arm-zephyr-eabi\bin\../lib/gcc/../../picolibc/arm-zephyr-eabi/lib/thumb/v7e-m/nofp\libstdc++.a(eh_alloc.o)
                0x000000000800504a                __cxa_allocate_exception
 .text._ZNSt9exceptionD2Ev
                0x0000000008005076        0x2 d:\zephyr\zephyr-sdk-0.16.8\arm-zephyr-eabi\bin\../lib/gcc/../../picolibc/arm-zephyr-eabi/lib/thumb/v7e-m/nofp\libstdc++.a(eh_exception.o)
                0x0000000008005076                std::exception::~exception()
                0x0000000008005076                std::exception::~exception()
 .text._ZNSt13bad_exceptionD2Ev
                0x0000000008005078        0x2 d:\zephyr\zephyr-sdk-0.16.8\arm-zephyr-eabi\bin\../lib/gcc/../../picolibc/arm-zephyr-eabi/lib/thumb/v7e-m/nofp\libstdc++.a(eh_exception.o)
                0x0000000008005078                std::bad_exception::~bad_exception()
                0x0000000008005078                std::bad_exception::~bad_exception()
 .text._ZNSt13bad_exceptionD0Ev
                0x000000000800507a        0xe d:\zephyr\zephyr-sdk-0.16.8\arm-zephyr-eabi\bin\../lib/gcc/../../picolibc/arm-zephyr-eabi/lib/thumb/v7e-m/nofp\libstdc++.a(eh_exception.o)
                0x000000000800507a                std::bad_exception::~bad_exception()
 .text._ZN10__cxxabiv111__terminateEPFvvE
                0x0000000008005088       0x10 d:\zephyr\zephyr-sdk-0.16.8\arm-zephyr-eabi\bin\../lib/gcc/../../picolibc/arm-zephyr-eabi/lib/thumb/v7e-m/nofp\libstdc++.a(eh_terminate.o)
                0x0000000008005088                __cxxabiv1::__terminate(void (*)())
 .text._ZSt9terminatev
                0x0000000008005098        0xa d:\zephyr\zephyr-sdk-0.16.8\arm-zephyr-eabi\bin\../lib/gcc/../../picolibc/arm-zephyr-eabi/lib/thumb/v7e-m/nofp\libstdc++.a(eh_terminate.o)
                0x0000000008005098                std::terminate()
 .text._ZN10__cxxabiv112__unexpectedEPFvvE
                0x00000000080050a2        0x8 d:\zephyr\zephyr-sdk-0.16.8\arm-zephyr-eabi\bin\../lib/gcc/../../picolibc/arm-zephyr-eabi/lib/thumb/v7e-m/nofp\libstdc++.a(eh_terminate.o)
                0x00000000080050a2                __cxxabiv1::__unexpected(void (*)())
 .text._ZSt10unexpectedv
                0x00000000080050aa        0xa d:\zephyr\zephyr-sdk-0.16.8\arm-zephyr-eabi\bin\../lib/gcc/../../picolibc/arm-zephyr-eabi/lib/thumb/v7e-m/nofp\libstdc++.a(eh_terminate.o)
                0x00000000080050aa                std::unexpected()
 .text._ZL23__gxx_exception_cleanup19_Unwind_Reason_CodeP21_Unwind_Control_Block
                0x00000000080050b4       0x44 d:\zephyr\zephyr-sdk-0.16.8\arm-zephyr-eabi\bin\../lib/gcc/../../picolibc/arm-zephyr-eabi/lib/thumb/v7e-m/nofp\libstdc++.a(eh_throw.o)
 .text.__cxa_throw
                0x00000000080050f8       0x34 d:\zephyr\zephyr-sdk-0.16.8\arm-zephyr-eabi\bin\../lib/gcc/../../picolibc/arm-zephyr-eabi/lib/thumb/v7e-m/nofp\libstdc++.a(eh_throw.o)
                0x00000000080050f8                __cxa_throw
 .text.__cxa_rethrow
                0x000000000800512c       0x6e d:\zephyr\zephyr-sdk-0.16.8\arm-zephyr-eabi\bin\../lib/gcc/../../picolibc/arm-zephyr-eabi/lib/thumb/v7e-m/nofp\libstdc++.a(eh_throw.o)
                0x000000000800512c                __cxa_rethrow
 .text._ZdlPv   0x000000000800519a        0x4 d:\zephyr\zephyr-sdk-0.16.8\arm-zephyr-eabi\bin\../lib/gcc/../../picolibc/arm-zephyr-eabi/lib/thumb/v7e-m/nofp\libstdc++.a(del_op.o)
                0x000000000800519a                operator delete(void*)
 .text._ZN10__cxxabiv1L24__is_gxx_exception_classEPc
                0x000000000800519e       0x3a d:\zephyr\zephyr-sdk-0.16.8\arm-zephyr-eabi\bin\../lib/gcc/../../picolibc/arm-zephyr-eabi/lib/thumb/v7e-m/nofp\libstdc++.a(eh_catch.o)
 .text.__cxa_begin_catch
                0x00000000080051d8       0x52 d:\zephyr\zephyr-sdk-0.16.8\arm-zephyr-eabi\bin\../lib/gcc/../../picolibc/arm-zephyr-eabi/lib/thumb/v7e-m/nofp\libstdc++.a(eh_catch.o)
                0x00000000080051d8                __cxa_begin_catch
 .text.__cxa_end_catch
                0x000000000800522a       0x48 d:\zephyr\zephyr-sdk-0.16.8\arm-zephyr-eabi\bin\../lib/gcc/../../picolibc/arm-zephyr-eabi/lib/thumb/v7e-m/nofp\libstdc++.a(eh_catch.o)
                0x000000000800522a                __cxa_end_catch
 .text._ZN12_GLOBAL__N_113constant_initD2Ev
                0x0000000008005272        0x2 d:\zephyr\zephyr-sdk-0.16.8\arm-zephyr-eabi\bin\../lib/gcc/../../picolibc/arm-zephyr-eabi/lib/thumb/v7e-m/nofp\libstdc++.a(eh_globals.o)
 .text._ZL12read_uleb128PKhPm
                0x0000000008005274       0x1e d:\zephyr\zephyr-sdk-0.16.8\arm-zephyr-eabi\bin\../lib/gcc/../../picolibc/arm-zephyr-eabi/lib/thumb/v7e-m/nofp\libstdc++.a(eh_personality.o)
 .text._ZL12read_sleb128PKhPl
                0x0000000008005292       0x30 d:\zephyr\zephyr-sdk-0.16.8\arm-zephyr-eabi\bin\../lib/gcc/../../picolibc/arm-zephyr-eabi/lib/thumb/v7e-m/nofp\libstdc++.a(eh_personality.o)
 .text._ZL28read_encoded_value_with_basehjPKhPj
                0x00000000080052c2       0x8c d:\zephyr\zephyr-sdk-0.16.8\arm-zephyr-eabi\bin\../lib/gcc/../../picolibc/arm-zephyr-eabi/lib/thumb/v7e-m/nofp\libstdc++.a(eh_personality.o)
 .text._ZL21base_of_encoded_valuehP15_Unwind_Context
                0x000000000800534e       0x42 d:\zephyr\zephyr-sdk-0.16.8\arm-zephyr-eabi\bin\../lib/gcc/../../picolibc/arm-zephyr-eabi/lib/thumb/v7e-m/nofp\libstdc++.a(eh_personality.o)
 .text._ZL18read_encoded_valueP15_Unwind_ContexthPKhPj
                0x0000000008005390       0x20 d:\zephyr\zephyr-sdk-0.16.8\arm-zephyr-eabi\bin\../lib/gcc/../../picolibc/arm-zephyr-eabi/lib/thumb/v7e-m/nofp\libstdc++.a(eh_personality.o)
 .text._ZL17parse_lsda_headerP15_Unwind_ContextPKhP16lsda_header_info
                0x00000000080053b0       0x5e d:\zephyr\zephyr-sdk-0.16.8\arm-zephyr-eabi\bin\../lib/gcc/../../picolibc/arm-zephyr-eabi/lib/thumb/v7e-m/nofp\libstdc++.a(eh_personality.o)
 .text._Unwind_GetGR
                0x000000000800540e       0x18 d:\zephyr\zephyr-sdk-0.16.8\arm-zephyr-eabi\bin\../lib/gcc/../../picolibc/arm-zephyr-eabi/lib/thumb/v7e-m/nofp\libstdc++.a(eh_personality.o)
 .text.__cxa_end_cleanup
                0x0000000008005426        0xc d:\zephyr\zephyr-sdk-0.16.8\arm-zephyr-eabi\bin\../lib/gcc/../../picolibc/arm-zephyr-eabi/lib/thumb/v7e-m/nofp\libstdc++.a(eh_arm.o)
                0x0000000008005426                __cxa_end_cleanup
 .text._ZN10__cxxabiv1L24__is_gxx_exception_classEPc
                0x0000000008005432       0x3a d:\zephyr\zephyr-sdk-0.16.8\arm-zephyr-eabi\bin\../lib/gcc/../../picolibc/arm-zephyr-eabi/lib/thumb/v7e-m/nofp\libstdc++.a(eh_arm.o)
 .text.__cxa_begin_cleanup
                0x000000000800546c       0x3a d:\zephyr\zephyr-sdk-0.16.8\arm-zephyr-eabi\bin\../lib/gcc/../../picolibc/arm-zephyr-eabi/lib/thumb/v7e-m/nofp\libstdc++.a(eh_arm.o)
                0x000000000800546c                __cxa_begin_cleanup
 .text.__gnu_end_cleanup
                0x00000000080054a6       0x32 d:\zephyr\zephyr-sdk-0.16.8\arm-zephyr-eabi\bin\../lib/gcc/../../picolibc/arm-zephyr-eabi/lib/thumb/v7e-m/nofp\libstdc++.a(eh_arm.o)
                0x00000000080054a6                __gnu_end_cleanup
 .text._ZN10__cxxabiv1L24__is_gxx_exception_classEPc
                0x00000000080054d8       0x3a d:\zephyr\zephyr-sdk-0.16.8\arm-zephyr-eabi\bin\../lib/gcc/../../picolibc/arm-zephyr-eabi/lib/thumb/v7e-m/nofp\libstdc++.a(eh_call.o)
 .text.__cxa_call_terminate
                0x0000000008005512       0x1e d:\zephyr\zephyr-sdk-0.16.8\arm-zephyr-eabi\bin\../lib/gcc/../../picolibc/arm-zephyr-eabi/lib/thumb/v7e-m/nofp\libstdc++.a(eh_call.o)
                0x0000000008005512                __cxa_call_terminate
 .text.strnlen  0x0000000008005530       0x18 d:\zephyr\zephyr-sdk-0.16.8\arm-zephyr-eabi\bin\../lib/gcc/../../picolibc/arm-zephyr-eabi/lib/thumb/v7e-m/nofp\libc.a(libc_string_strnlen.c.o)
                0x0000000008005530                strnlen
 .text.__ultoa_invert
                0x0000000008005548       0xae d:\zephyr\zephyr-sdk-0.16.8\arm-zephyr-eabi\bin\../lib/gcc/../../picolibc/arm-zephyr-eabi/lib/thumb/v7e-m/nofp\libc.a(libc_tinystdio_vflprintf.c.o)
 .text.memcpy   0x00000000080055f6       0x1c d:\zephyr\zephyr-sdk-0.16.8\arm-zephyr-eabi\bin\../lib/gcc/../../picolibc/arm-zephyr-eabi/lib/thumb/v7e-m/nofp\libc.a(memcpy.c.o)
                0x00000000080055f6                __aeabi_memcpy
                0x00000000080055f6                __aeabi_memcpy4
                0x00000000080055f6                __aeabi_memcpy8
                0x00000000080055f6                memcpy
 .text.memset   0x0000000008005612       0x10 d:\zephyr\zephyr-sdk-0.16.8\arm-zephyr-eabi\bin\../lib/gcc/../../picolibc/arm-zephyr-eabi/lib/thumb/v7e-m/nofp\libc.a(memset.c.o)
                0x0000000008005612                memset
 .text.unlikely
                0x0000000008005622        0xc d:/zephyr/zephyr-sdk-0.16.8/arm-zephyr-eabi/bin/../lib/gcc/arm-zephyr-eabi/12.2.0/thumb/v7e-m/nofp\libgcc.a(pr-support.o)
                0x0000000008005622                _Unwind_GetDataRelBase
                0x0000000008005628                _Unwind_GetTextRelBase
 *(SORT_BY_ALIGNMENT(.gnu.linkonce.t.*))
 *(SORT_BY_ALIGNMENT(.glue_7t))
 .glue_7t       0x000000000800562e        0x0 linker stubs
 *(SORT_BY_ALIGNMENT(.glue_7))
 .glue_7        0x000000000800562e        0x0 linker stubs
 *(SORT_BY_ALIGNMENT(.vfp11_veneer))
 .vfp11_veneer  0x000000000800562e        0x0 linker stubs
 *(SORT_BY_ALIGNMENT(.v4_bx))
 .v4_bx         0x000000000800562e        0x0 linker stubs
                0x0000000008005630                . = ALIGN (0x4)
 *fill*         0x000000000800562e        0x2 
                0x0000000008005630                __text_region_end = .

.ARM.extab      0x0000000008005630       0xbc
 *(SORT_BY_ALIGNMENT(.ARM.extab*) SORT_BY_ALIGNMENT(.gnu.linkonce.armextab.*))
 .ARM.extab.text._ZN10__cxxabiv111__terminateEPFvvE
                0x0000000008005630       0x1c d:\zephyr\zephyr-sdk-0.16.8\arm-zephyr-eabi\bin\../lib/gcc/../../picolibc/arm-zephyr-eabi/lib/thumb/v7e-m/nofp\libstdc++.a(eh_terminate.o)
 .ARM.extab.text._ZN10__cxxabiv112__unexpectedEPFvvE
                0x000000000800564c        0xc d:\zephyr\zephyr-sdk-0.16.8\arm-zephyr-eabi\bin\../lib/gcc/../../picolibc/arm-zephyr-eabi/lib/thumb/v7e-m/nofp\libstdc++.a(eh_terminate.o)
 .ARM.extab.text._ZSt10unexpectedv
                0x0000000008005658        0xc d:\zephyr\zephyr-sdk-0.16.8\arm-zephyr-eabi\bin\../lib/gcc/../../picolibc/arm-zephyr-eabi/lib/thumb/v7e-m/nofp\libstdc++.a(eh_terminate.o)
 .ARM.extab.text.__cxa_begin_catch
                0x0000000008005664        0xc d:\zephyr\zephyr-sdk-0.16.8\arm-zephyr-eabi\bin\../lib/gcc/../../picolibc/arm-zephyr-eabi/lib/thumb/v7e-m/nofp\libstdc++.a(eh_catch.o)
 .ARM.extab.text._ZL21base_of_encoded_valuehP15_Unwind_Context
                0x0000000008005670        0xc d:\zephyr\zephyr-sdk-0.16.8\arm-zephyr-eabi\bin\../lib/gcc/../../picolibc/arm-zephyr-eabi/lib/thumb/v7e-m/nofp\libstdc++.a(eh_personality.o)
 .ARM.extab.text.__gxx_personality_v0
                0x000000000800567c       0x24 d:\zephyr\zephyr-sdk-0.16.8\arm-zephyr-eabi\bin\../lib/gcc/../../picolibc/arm-zephyr-eabi/lib/thumb/v7e-m/nofp\libstdc++.a(eh_personality.o)
 .ARM.extab.text.unlikely.__cxa_call_unexpected
                0x00000000080056a0       0x34 d:\zephyr\zephyr-sdk-0.16.8\arm-zephyr-eabi\bin\../lib/gcc/../../picolibc/arm-zephyr-eabi/lib/thumb/v7e-m/nofp\libstdc++.a(eh_call.o)
 .ARM.extab     0x00000000080056d4       0x18 d:/zephyr/zephyr-sdk-0.16.8/arm-zephyr-eabi/bin/../lib/gcc/arm-zephyr-eabi/12.2.0/thumb/v7e-m/nofp\libgcc.a(pr-support.o)

.ARM.exidx      0x00000000080056ec      0x188
                0x00000000080056ec                __exidx_start = .
 *(SORT_BY_ALIGNMENT(.ARM.exidx*) SORT_BY_ALIGNMENT(gnu.linkonce.armexidx.*))
 .ARM.exidx     0x00000000080056ec       0x80 d:/zephyr/zephyr-sdk-0.16.8/arm-zephyr-eabi/bin/../lib/gcc/arm-zephyr-eabi/12.2.0/thumb/v7e-m/nofp\libgcc.a(unwind-arm.o)
                                         0xd8 (size before relaxing)
 .ARM.exidx     0x000000000800576c        0x0 d:\zephyr\zephyr-sdk-0.16.8\arm-zephyr-eabi\bin\../lib/gcc/../../picolibc/arm-zephyr-eabi/lib/thumb/v7e-m/nofp\libc.a(strcmp.S.o)
                                          0x8 (size before relaxing)
 .ARM.exidx     0x000000000800576c        0x0 d:/zephyr/zephyr-sdk-0.16.8/arm-zephyr-eabi/bin/../lib/gcc/arm-zephyr-eabi/12.2.0/thumb/v7e-m/nofp\libgcc.a(_udivmoddi4.o)
                                          0x8 (size before relaxing)
 .ARM.exidx     0x000000000800576c       0x38 d:/zephyr/zephyr-sdk-0.16.8/arm-zephyr-eabi/bin/../lib/gcc/arm-zephyr-eabi/12.2.0/thumb/v7e-m/nofp\libgcc.a(pr-support.o)
 .ARM.exidx.text.__cxa_guard_acquire
                0x00000000080057a4        0x8 d:\zephyr\zephyr-sdk-0.16.8\arm-zephyr-eabi\bin\../lib/gcc/../../picolibc/arm-zephyr-eabi/lib/thumb/v7e-m/nofp\libstdc++.a(guard.o)
 .ARM.exidx.text._ZN9__gnu_cxx20recursive_init_errorD2Ev
                0x00000000080057ac        0x8 d:\zephyr\zephyr-sdk-0.16.8\arm-zephyr-eabi\bin\../lib/gcc/../../picolibc/arm-zephyr-eabi/lib/thumb/v7e-m/nofp\libstdc++.a(guard_error.o)
 .ARM.exidx.text._ZN9__gnu_cxx20recursive_init_errorC2Ev
                0x00000000080057b4        0x0 d:\zephyr\zephyr-sdk-0.16.8\arm-zephyr-eabi\bin\../lib/gcc/../../picolibc/arm-zephyr-eabi/lib/thumb/v7e-m/nofp\libstdc++.a(guard_error.o)
                                          0x8 (size before relaxing)
 .ARM.exidx.text._ZN10__cxxabiv120__si_class_type_infoD2Ev
                0x00000000080057b4        0x0 d:\zephyr\zephyr-sdk-0.16.8\arm-zephyr-eabi\bin\../lib/gcc/../../picolibc/arm-zephyr-eabi/lib/thumb/v7e-m/nofp\libstdc++.a(si_class_type_info.o)
                                          0x8 (size before relaxing)
 .ARM.exidx.text._ZN10__cxxabiv117__class_type_infoD2Ev
                0x00000000080057b4        0x0 d:\zephyr\zephyr-sdk-0.16.8\arm-zephyr-eabi\bin\../lib/gcc/../../picolibc/arm-zephyr-eabi/lib/thumb/v7e-m/nofp\libstdc++.a(class_type_info.o)
                                          0x8 (size before relaxing)
 .ARM.exidx.text._ZN12_GLOBAL__N_14pool4freeEPv.constprop.0
                0x00000000080057b4        0x0 d:\zephyr\zephyr-sdk-0.16.8\arm-zephyr-eabi\bin\../lib/gcc/../../picolibc/arm-zephyr-eabi/lib/thumb/v7e-m/nofp\libstdc++.a(eh_alloc.o)
                                          0x8 (size before relaxing)
 .ARM.exidx.text._ZN12_GLOBAL__N_14pool8allocateEj.constprop.0
                0x00000000080057b4        0x0 d:\zephyr\zephyr-sdk-0.16.8\arm-zephyr-eabi\bin\../lib/gcc/../../picolibc/arm-zephyr-eabi/lib/thumb/v7e-m/nofp\libstdc++.a(eh_alloc.o)
                                          0x8 (size before relaxing)
 .ARM.exidx.text.__cxa_free_exception
                0x00000000080057b4        0x0 d:\zephyr\zephyr-sdk-0.16.8\arm-zephyr-eabi\bin\../lib/gcc/../../picolibc/arm-zephyr-eabi/lib/thumb/v7e-m/nofp\libstdc++.a(eh_alloc.o)
                                          0x8 (size before relaxing)
 .ARM.exidx.text.startup._GLOBAL__sub_I__ZN9__gnu_cxx9__freeresEv
                0x00000000080057b4        0x0 d:\zephyr\zephyr-sdk-0.16.8\arm-zephyr-eabi\bin\../lib/gcc/../../picolibc/arm-zephyr-eabi/lib/thumb/v7e-m/nofp\libstdc++.a(eh_alloc.o)
                                          0x8 (size before relaxing)
 .ARM.exidx.text._ZNKSt9exception4whatEv
                0x00000000080057b4        0x0 d:\zephyr\zephyr-sdk-0.16.8\arm-zephyr-eabi\bin\../lib/gcc/../../picolibc/arm-zephyr-eabi/lib/thumb/v7e-m/nofp\libstdc++.a(eh_exception.o)
                                          0x8 (size before relaxing)
 .ARM.exidx.text._ZNKSt13bad_exception4whatEv
                0x00000000080057b4        0x0 d:\zephyr\zephyr-sdk-0.16.8\arm-zephyr-eabi\bin\../lib/gcc/../../picolibc/arm-zephyr-eabi/lib/thumb/v7e-m/nofp\libstdc++.a(eh_exception.o)
                                          0x8 (size before relaxing)
 .ARM.exidx.text._ZSt13get_terminatev
                0x00000000080057b4        0x0 d:\zephyr\zephyr-sdk-0.16.8\arm-zephyr-eabi\bin\../lib/gcc/../../picolibc/arm-zephyr-eabi/lib/thumb/v7e-m/nofp\libstdc++.a(eh_terminate.o)
                                          0x8 (size before relaxing)
 .ARM.exidx.text._ZSt14get_unexpectedv
                0x00000000080057b4        0x0 d:\zephyr\zephyr-sdk-0.16.8\arm-zephyr-eabi\bin\../lib/gcc/../../picolibc/arm-zephyr-eabi/lib/thumb/v7e-m/nofp\libstdc++.a(eh_terminate.o)
                                          0x8 (size before relaxing)
 .ARM.exidx.text.__cxa_init_primary_exception
                0x00000000080057b4        0x0 d:\zephyr\zephyr-sdk-0.16.8\arm-zephyr-eabi\bin\../lib/gcc/../../picolibc/arm-zephyr-eabi/lib/thumb/v7e-m/nofp\libstdc++.a(eh_throw.o)
                                          0x8 (size before relaxing)
 .ARM.exidx.text.__cxa_get_globals_fast
                0x00000000080057b4        0x0 d:\zephyr\zephyr-sdk-0.16.8\arm-zephyr-eabi\bin\../lib/gcc/../../picolibc/arm-zephyr-eabi/lib/thumb/v7e-m/nofp\libstdc++.a(eh_globals.o)
                                          0x8 (size before relaxing)
 .ARM.exidx.text.__cxa_get_globals
                0x00000000080057b4        0x0 d:\zephyr\zephyr-sdk-0.16.8\arm-zephyr-eabi\bin\../lib/gcc/../../picolibc/arm-zephyr-eabi/lib/thumb/v7e-m/nofp\libstdc++.a(eh_globals.o)
                                          0x8 (size before relaxing)
 .ARM.exidx.text.startup._GLOBAL__sub_I___cxa_get_globals_fast
                0x00000000080057b4        0x0 d:\zephyr\zephyr-sdk-0.16.8\arm-zephyr-eabi\bin\../lib/gcc/../../picolibc/arm-zephyr-eabi/lib/thumb/v7e-m/nofp\libstdc++.a(eh_globals.o)
                                          0x8 (size before relaxing)
 .ARM.exidx.text.__gxx_personality_v0
                0x00000000080057b4        0x8 d:\zephyr\zephyr-sdk-0.16.8\arm-zephyr-eabi\bin\../lib/gcc/../../picolibc/arm-zephyr-eabi/lib/thumb/v7e-m/nofp\libstdc++.a(eh_personality.o)
 .ARM.exidx.text.__cxa_type_match
                0x00000000080057bc        0x8 d:\zephyr\zephyr-sdk-0.16.8\arm-zephyr-eabi\bin\../lib/gcc/../../picolibc/arm-zephyr-eabi/lib/thumb/v7e-m/nofp\libstdc++.a(eh_arm.o)
 .ARM.exidx.text.unlikely.__cxa_call_unexpected
                0x00000000080057c4       0x10 d:\zephyr\zephyr-sdk-0.16.8\arm-zephyr-eabi\bin\../lib/gcc/../../picolibc/arm-zephyr-eabi/lib/thumb/v7e-m/nofp\libstdc++.a(eh_call.o)
                                          0x8 (size before relaxing)
 .ARM.exidx.text.__cxa_guard_release
                0x00000000080057d4        0x0 d:\zephyr\zephyr-sdk-0.16.8\arm-zephyr-eabi\bin\../lib/gcc/../../picolibc/arm-zephyr-eabi/lib/thumb/v7e-m/nofp\libstdc++.a(guard.o)
                                          0x8 (size before relaxing)
 .ARM.exidx.text._ZN9__gnu_cxx20recursive_init_errorD0Ev
                0x00000000080057d4        0x0 d:\zephyr\zephyr-sdk-0.16.8\arm-zephyr-eabi\bin\../lib/gcc/../../picolibc/arm-zephyr-eabi/lib/thumb/v7e-m/nofp\libstdc++.a(guard_error.o)
                                          0x8 (size before relaxing)
 .ARM.exidx.text._ZN10__cxxabiv120__si_class_type_infoD0Ev
                0x00000000080057d4        0x0 d:\zephyr\zephyr-sdk-0.16.8\arm-zephyr-eabi\bin\../lib/gcc/../../picolibc/arm-zephyr-eabi/lib/thumb/v7e-m/nofp\libstdc++.a(si_class_type_info.o)
                                          0x8 (size before relaxing)
 .ARM.exidx.text._ZNK10__cxxabiv120__si_class_type_info20__do_find_public_srcEiPKvPKNS_17__class_type_infoES2_
                0x00000000080057d4        0x0 d:\zephyr\zephyr-sdk-0.16.8\arm-zephyr-eabi\bin\../lib/gcc/../../picolibc/arm-zephyr-eabi/lib/thumb/v7e-m/nofp\libstdc++.a(si_class_type_info.o)
                                          0x8 (size before relaxing)
 .ARM.exidx.text._ZNK10__cxxabiv120__si_class_type_info12__do_dyncastEiNS_17__class_type_info10__sub_kindEPKS1_PKvS4_S6_RNS1_16__dyncast_resultE
                0x00000000080057d4        0x0 d:\zephyr\zephyr-sdk-0.16.8\arm-zephyr-eabi\bin\../lib/gcc/../../picolibc/arm-zephyr-eabi/lib/thumb/v7e-m/nofp\libstdc++.a(si_class_type_info.o)
                                          0x8 (size before relaxing)
 .ARM.exidx.text._ZNK10__cxxabiv120__si_class_type_info11__do_upcastEPKNS_17__class_type_infoEPKvRNS1_15__upcast_resultE
                0x00000000080057d4        0x8 d:\zephyr\zephyr-sdk-0.16.8\arm-zephyr-eabi\bin\../lib/gcc/../../picolibc/arm-zephyr-eabi/lib/thumb/v7e-m/nofp\libstdc++.a(si_class_type_info.o)
 .ARM.exidx.text._ZNSt9type_infoD2Ev
                0x00000000080057dc        0x8 d:\zephyr\zephyr-sdk-0.16.8\arm-zephyr-eabi\bin\../lib/gcc/../../picolibc/arm-zephyr-eabi/lib/thumb/v7e-m/nofp\libstdc++.a(tinfo.o)
 .ARM.exidx.text._ZNKSt9type_info14__is_pointer_pEv
                0x00000000080057e4        0x0 d:\zephyr\zephyr-sdk-0.16.8\arm-zephyr-eabi\bin\../lib/gcc/../../picolibc/arm-zephyr-eabi/lib/thumb/v7e-m/nofp\libstdc++.a(tinfo.o)
                                          0x8 (size before relaxing)
 .ARM.exidx.text._ZNKSt9type_infoeqERKS_
                0x00000000080057e4        0x0 d:\zephyr\zephyr-sdk-0.16.8\arm-zephyr-eabi\bin\../lib/gcc/../../picolibc/arm-zephyr-eabi/lib/thumb/v7e-m/nofp\libstdc++.a(tinfo.o)
                                          0x8 (size before relaxing)
 .ARM.exidx.text._ZNK10__cxxabiv117__class_type_info11__do_upcastEPKS0_PPv
                0x00000000080057e4        0x8 d:\zephyr\zephyr-sdk-0.16.8\arm-zephyr-eabi\bin\../lib/gcc/../../picolibc/arm-zephyr-eabi/lib/thumb/v7e-m/nofp\libstdc++.a(class_type_info.o)
 .ARM.exidx.text._ZNK10__cxxabiv117__class_type_info20__do_find_public_srcEiPKvPKS0_S2_
                0x00000000080057ec        0x8 d:\zephyr\zephyr-sdk-0.16.8\arm-zephyr-eabi\bin\../lib/gcc/../../picolibc/arm-zephyr-eabi/lib/thumb/v7e-m/nofp\libstdc++.a(class_type_info.o)
 .ARM.exidx.text._ZN10__cxxabiv117__class_type_infoD0Ev
                0x00000000080057f4        0x0 d:\zephyr\zephyr-sdk-0.16.8\arm-zephyr-eabi\bin\../lib/gcc/../../picolibc/arm-zephyr-eabi/lib/thumb/v7e-m/nofp\libstdc++.a(class_type_info.o)
                                          0x8 (size before relaxing)
 .ARM.exidx.text._ZNK10__cxxabiv117__class_type_info12__do_dyncastEiNS0_10__sub_kindEPKS0_PKvS3_S5_RNS0_16__dyncast_resultE
                0x00000000080057f4        0x0 d:\zephyr\zephyr-sdk-0.16.8\arm-zephyr-eabi\bin\../lib/gcc/../../picolibc/arm-zephyr-eabi/lib/thumb/v7e-m/nofp\libstdc++.a(class_type_info.o)
                                          0x8 (size before relaxing)
 .ARM.exidx.text._ZNK10__cxxabiv117__class_type_info11__do_upcastEPKS0_PKvRNS0_15__upcast_resultE
                0x00000000080057f4        0x0 d:\zephyr\zephyr-sdk-0.16.8\arm-zephyr-eabi\bin\../lib/gcc/../../picolibc/arm-zephyr-eabi/lib/thumb/v7e-m/nofp\libstdc++.a(class_type_info.o)
                                          0x8 (size before relaxing)
 .ARM.exidx.text._ZNK10__cxxabiv117__class_type_info10__do_catchEPKSt9type_infoPPvj
                0x00000000080057f4        0x0 d:\zephyr\zephyr-sdk-0.16.8\arm-zephyr-eabi\bin\../lib/gcc/../../picolibc/arm-zephyr-eabi/lib/thumb/v7e-m/nofp\libstdc++.a(class_type_info.o)
                                          0x8 (size before relaxing)
 .ARM.exidx.text._ZdlPvj
                0x00000000080057f4        0x0 d:\zephyr\zephyr-sdk-0.16.8\arm-zephyr-eabi\bin\../lib/gcc/../../picolibc/arm-zephyr-eabi/lib/thumb/v7e-m/nofp\libstdc++.a(del_ops.o)
                                          0x8 (size before relaxing)
 .ARM.exidx.text.__cxa_allocate_exception
                0x00000000080057f4        0x0 d:\zephyr\zephyr-sdk-0.16.8\arm-zephyr-eabi\bin\../lib/gcc/../../picolibc/arm-zephyr-eabi/lib/thumb/v7e-m/nofp\libstdc++.a(eh_alloc.o)
                                          0x8 (size before relaxing)
 .ARM.exidx.text._ZNSt9exceptionD2Ev
                0x00000000080057f4        0x0 d:\zephyr\zephyr-sdk-0.16.8\arm-zephyr-eabi\bin\../lib/gcc/../../picolibc/arm-zephyr-eabi/lib/thumb/v7e-m/nofp\libstdc++.a(eh_exception.o)
                                          0x8 (size before relaxing)
 .ARM.exidx.text._ZNSt13bad_exceptionD2Ev
                0x00000000080057f4        0x0 d:\zephyr\zephyr-sdk-0.16.8\arm-zephyr-eabi\bin\../lib/gcc/../../picolibc/arm-zephyr-eabi/lib/thumb/v7e-m/nofp\libstdc++.a(eh_exception.o)
                                          0x8 (size before relaxing)
 .ARM.exidx.text._ZNSt13bad_exceptionD0Ev
                0x00000000080057f4        0x0 d:\zephyr\zephyr-sdk-0.16.8\arm-zephyr-eabi\bin\../lib/gcc/../../picolibc/arm-zephyr-eabi/lib/thumb/v7e-m/nofp\libstdc++.a(eh_exception.o)
                                          0x8 (size before relaxing)
 .ARM.exidx.text._ZN10__cxxabiv111__terminateEPFvvE
                0x00000000080057f4        0x8 d:\zephyr\zephyr-sdk-0.16.8\arm-zephyr-eabi\bin\../lib/gcc/../../picolibc/arm-zephyr-eabi/lib/thumb/v7e-m/nofp\libstdc++.a(eh_terminate.o)
 .ARM.exidx.text._ZSt9terminatev
                0x00000000080057fc        0x8 d:\zephyr\zephyr-sdk-0.16.8\arm-zephyr-eabi\bin\../lib/gcc/../../picolibc/arm-zephyr-eabi/lib/thumb/v7e-m/nofp\libstdc++.a(eh_terminate.o)
 .ARM.exidx.text._ZN10__cxxabiv112__unexpectedEPFvvE
                0x0000000008005804        0x8 d:\zephyr\zephyr-sdk-0.16.8\arm-zephyr-eabi\bin\../lib/gcc/../../picolibc/arm-zephyr-eabi/lib/thumb/v7e-m/nofp\libstdc++.a(eh_terminate.o)
 .ARM.exidx.text._ZSt10unexpectedv
                0x000000000800580c        0x8 d:\zephyr\zephyr-sdk-0.16.8\arm-zephyr-eabi\bin\../lib/gcc/../../picolibc/arm-zephyr-eabi/lib/thumb/v7e-m/nofp\libstdc++.a(eh_terminate.o)
 .ARM.exidx.text._ZL23__gxx_exception_cleanup19_Unwind_Reason_CodeP21_Unwind_Control_Block
                0x0000000008005814        0x8 d:\zephyr\zephyr-sdk-0.16.8\arm-zephyr-eabi\bin\../lib/gcc/../../picolibc/arm-zephyr-eabi/lib/thumb/v7e-m/nofp\libstdc++.a(eh_throw.o)
 .ARM.exidx.text.__cxa_throw
                0x000000000800581c        0x8 d:\zephyr\zephyr-sdk-0.16.8\arm-zephyr-eabi\bin\../lib/gcc/../../picolibc/arm-zephyr-eabi/lib/thumb/v7e-m/nofp\libstdc++.a(eh_throw.o)
 .ARM.exidx.text.__cxa_rethrow
                0x0000000008005824        0x8 d:\zephyr\zephyr-sdk-0.16.8\arm-zephyr-eabi\bin\../lib/gcc/../../picolibc/arm-zephyr-eabi/lib/thumb/v7e-m/nofp\libstdc++.a(eh_throw.o)
 .ARM.exidx.text._ZdlPv
                0x000000000800582c        0x8 d:\zephyr\zephyr-sdk-0.16.8\arm-zephyr-eabi\bin\../lib/gcc/../../picolibc/arm-zephyr-eabi/lib/thumb/v7e-m/nofp\libstdc++.a(del_op.o)
 .ARM.exidx.text._ZN10__cxxabiv1L24__is_gxx_exception_classEPc
                0x0000000008005834        0x0 d:\zephyr\zephyr-sdk-0.16.8\arm-zephyr-eabi\bin\../lib/gcc/../../picolibc/arm-zephyr-eabi/lib/thumb/v7e-m/nofp\libstdc++.a(eh_catch.o)
                                          0x8 (size before relaxing)
 .ARM.exidx.text.__cxa_begin_catch
                0x0000000008005834        0x8 d:\zephyr\zephyr-sdk-0.16.8\arm-zephyr-eabi\bin\../lib/gcc/../../picolibc/arm-zephyr-eabi/lib/thumb/v7e-m/nofp\libstdc++.a(eh_catch.o)
 .ARM.exidx.text.__cxa_end_catch
                0x000000000800583c        0x8 d:\zephyr\zephyr-sdk-0.16.8\arm-zephyr-eabi\bin\../lib/gcc/../../picolibc/arm-zephyr-eabi/lib/thumb/v7e-m/nofp\libstdc++.a(eh_catch.o)
 .ARM.exidx.text._ZN12_GLOBAL__N_113constant_initD2Ev
                0x0000000008005844        0x0 d:\zephyr\zephyr-sdk-0.16.8\arm-zephyr-eabi\bin\../lib/gcc/../../picolibc/arm-zephyr-eabi/lib/thumb/v7e-m/nofp\libstdc++.a(eh_globals.o)
                                          0x8 (size before relaxing)
 .ARM.exidx.text._ZL12read_uleb128PKhPm
                0x0000000008005844        0x0 d:\zephyr\zephyr-sdk-0.16.8\arm-zephyr-eabi\bin\../lib/gcc/../../picolibc/arm-zephyr-eabi/lib/thumb/v7e-m/nofp\libstdc++.a(eh_personality.o)
                                          0x8 (size before relaxing)
 .ARM.exidx.text._ZL12read_sleb128PKhPl
                0x0000000008005844        0x0 d:\zephyr\zephyr-sdk-0.16.8\arm-zephyr-eabi\bin\../lib/gcc/../../picolibc/arm-zephyr-eabi/lib/thumb/v7e-m/nofp\libstdc++.a(eh_personality.o)
                                          0x8 (size before relaxing)
 .ARM.exidx.text._ZL28read_encoded_value_with_basehjPKhPj
                0x0000000008005844        0x8 d:\zephyr\zephyr-sdk-0.16.8\arm-zephyr-eabi\bin\../lib/gcc/../../picolibc/arm-zephyr-eabi/lib/thumb/v7e-m/nofp\libstdc++.a(eh_personality.o)
 .ARM.exidx.text._ZL21base_of_encoded_valuehP15_Unwind_Context
                0x000000000800584c        0x8 d:\zephyr\zephyr-sdk-0.16.8\arm-zephyr-eabi\bin\../lib/gcc/../../picolibc/arm-zephyr-eabi/lib/thumb/v7e-m/nofp\libstdc++.a(eh_personality.o)
 .ARM.exidx.text._ZL18read_encoded_valueP15_Unwind_ContexthPKhPj
                0x0000000008005854        0x8 d:\zephyr\zephyr-sdk-0.16.8\arm-zephyr-eabi\bin\../lib/gcc/../../picolibc/arm-zephyr-eabi/lib/thumb/v7e-m/nofp\libstdc++.a(eh_personality.o)
 .ARM.exidx.text._ZL17parse_lsda_headerP15_Unwind_ContextPKhP16lsda_header_info
                0x000000000800585c        0x8 d:\zephyr\zephyr-sdk-0.16.8\arm-zephyr-eabi\bin\../lib/gcc/../../picolibc/arm-zephyr-eabi/lib/thumb/v7e-m/nofp\libstdc++.a(eh_personality.o)
 .ARM.exidx.text._Unwind_GetGR
                0x0000000008005864       0x10 d:\zephyr\zephyr-sdk-0.16.8\arm-zephyr-eabi\bin\../lib/gcc/../../picolibc/arm-zephyr-eabi/lib/thumb/v7e-m/nofp\libstdc++.a(eh_personality.o)
                                          0x8 (size before relaxing)
 .ARM.exidx.text._ZN10__cxxabiv1L24__is_gxx_exception_classEPc
                0x0000000008005874        0x0 d:\zephyr\zephyr-sdk-0.16.8\arm-zephyr-eabi\bin\../lib/gcc/../../picolibc/arm-zephyr-eabi/lib/thumb/v7e-m/nofp\libstdc++.a(eh_arm.o)
                                          0x8 (size before relaxing)
 .ARM.exidx.text.__cxa_begin_cleanup
                0x0000000008005874        0x0 d:\zephyr\zephyr-sdk-0.16.8\arm-zephyr-eabi\bin\../lib/gcc/../../picolibc/arm-zephyr-eabi/lib/thumb/v7e-m/nofp\libstdc++.a(eh_arm.o)
                                          0x8 (size before relaxing)
 .ARM.exidx.text.__gnu_end_cleanup
                0x0000000008005874        0x0 d:\zephyr\zephyr-sdk-0.16.8\arm-zephyr-eabi\bin\../lib/gcc/../../picolibc/arm-zephyr-eabi/lib/thumb/v7e-m/nofp\libstdc++.a(eh_arm.o)
                                          0x8 (size before relaxing)
 .ARM.exidx.text._ZN10__cxxabiv1L24__is_gxx_exception_classEPc
                0x0000000008005874        0x0 d:\zephyr\zephyr-sdk-0.16.8\arm-zephyr-eabi\bin\../lib/gcc/../../picolibc/arm-zephyr-eabi/lib/thumb/v7e-m/nofp\libstdc++.a(eh_call.o)
                                          0x8 (size before relaxing)
 .ARM.exidx.text.__cxa_call_terminate
                0x0000000008005874        0x0 d:\zephyr\zephyr-sdk-0.16.8\arm-zephyr-eabi\bin\../lib/gcc/../../picolibc/arm-zephyr-eabi/lib/thumb/v7e-m/nofp\libstdc++.a(eh_call.o)
                                          0x8 (size before relaxing)
 .ARM.exidx.text.unlikely
                0x0000000008005874        0x0 d:/zephyr/zephyr-sdk-0.16.8/arm-zephyr-eabi/bin/../lib/gcc/arm-zephyr-eabi/12.2.0/thumb/v7e-m/nofp\libgcc.a(pr-support.o)
                                         0x10 (size before relaxing)
                0x0000000008005874                __exidx_end = .
                0x0000000008005874                __rodata_region_start = .

initlevel       0x0000000008005874       0x88
                0x0000000008005874                __init_start = .
                0x0000000008005874                __init_EARLY_start = .
 *(SORT_BY_NAME(SORT_BY_ALIGNMENT(.z_init_EARLY_P_?_*)))
 *(SORT_BY_NAME(SORT_BY_ALIGNMENT(.z_init_EARLY_P_??_*)))
 *(SORT_BY_NAME(SORT_BY_ALIGNMENT(.z_init_EARLY_P_???_*)))
                0x0000000008005874                __init_PRE_KERNEL_1_start = .
 *(SORT_BY_NAME(SORT_BY_ALIGNMENT(.z_init_PRE_KERNEL_1_P_?_*)))
 .z_init_PRE_KERNEL_1_P_1_SUB_00008_
                0x0000000008005874        0x8 zephyr/drivers/clock_control/libdrivers__clock_control.a(clock_stm32_ll_common.c.obj)
 .z_init_PRE_KERNEL_1_P_1_SUB_0_
                0x000000000800587c        0x8 zephyr/libzephyr.a(soc_config.c.obj)
 *(SORT_BY_NAME(SORT_BY_ALIGNMENT(.z_init_PRE_KERNEL_1_P_??_*)))
 .z_init_PRE_KERNEL_1_P_30_SUB_0_
                0x0000000008005884        0x8 zephyr/kernel/libkernel.a(kheap.c.obj)
 .z_init_PRE_KERNEL_1_P_40_SUB_00030_
                0x000000000800588c        0x8 zephyr/drivers/gpio/libdrivers__gpio.a(gpio_stm32.c.obj)
 .z_init_PRE_KERNEL_1_P_40_SUB_00037_
                0x0000000008005894        0x8 zephyr/drivers/gpio/libdrivers__gpio.a(gpio_stm32.c.obj)
 .z_init_PRE_KERNEL_1_P_40_SUB_00049_
                0x000000000800589c        0x8 zephyr/drivers/interrupt_controller/libdrivers__interrupt_controller.a(intc_exti_stm32.c.obj)
 .z_init_PRE_KERNEL_1_P_40_SUB_00076_
                0x00000000080058a4        0x8 zephyr/drivers/gpio/libdrivers__gpio.a(gpio_stm32.c.obj)
 .z_init_PRE_KERNEL_1_P_40_SUB_00077_
                0x00000000080058ac        0x8 zephyr/drivers/gpio/libdrivers__gpio.a(gpio_stm32.c.obj)
 .z_init_PRE_KERNEL_1_P_40_SUB_00078_
                0x00000000080058b4        0x8 zephyr/drivers/gpio/libdrivers__gpio.a(gpio_stm32.c.obj)
 .z_init_PRE_KERNEL_1_P_40_SUB_00079_
                0x00000000080058bc        0x8 zephyr/drivers/gpio/libdrivers__gpio.a(gpio_stm32.c.obj)
 .z_init_PRE_KERNEL_1_P_40_SUB_00080_
                0x00000000080058c4        0x8 zephyr/drivers/gpio/libdrivers__gpio.a(gpio_stm32.c.obj)
 .z_init_PRE_KERNEL_1_P_40_SUB_00081_
                0x00000000080058cc        0x8 zephyr/drivers/gpio/libdrivers__gpio.a(gpio_stm32.c.obj)
 .z_init_PRE_KERNEL_1_P_40_SUB_00082_
                0x00000000080058d4        0x8 zephyr/drivers/gpio/libdrivers__gpio.a(gpio_stm32.c.obj)
 .z_init_PRE_KERNEL_1_P_40_SUB_0_
                0x00000000080058dc        0x8 zephyr/drivers/interrupt_controller/libdrivers__interrupt_controller.a(intc_gpio_stm32.c.obj)
 *(SORT_BY_NAME(SORT_BY_ALIGNMENT(.z_init_PRE_KERNEL_1_P_???_*)))
                0x00000000080058e4                __init_PRE_KERNEL_2_start = .
 *(SORT_BY_NAME(SORT_BY_ALIGNMENT(.z_init_PRE_KERNEL_2_P_?_*)))
 .z_init_PRE_KERNEL_2_P_0_SUB_0_
                0x00000000080058e4        0x8 zephyr/drivers/timer/libdrivers__timer.a(cortex_m_systick.c.obj)
 *(SORT_BY_NAME(SORT_BY_ALIGNMENT(.z_init_PRE_KERNEL_2_P_??_*)))
 *(SORT_BY_NAME(SORT_BY_ALIGNMENT(.z_init_PRE_KERNEL_2_P_???_*)))
                0x00000000080058ec                __init_POST_KERNEL_start = .
 *(SORT_BY_NAME(SORT_BY_ALIGNMENT(.z_init_POST_KERNEL_P_?_*)))
 *(SORT_BY_NAME(SORT_BY_ALIGNMENT(.z_init_POST_KERNEL_P_??_*)))
 .z_init_POST_KERNEL_P_35_SUB_0_
                0x00000000080058ec        0x8 zephyr/lib/libc/common/liblib__libc__common.a(malloc.c.obj)
 *(SORT_BY_NAME(SORT_BY_ALIGNMENT(.z_init_POST_KERNEL_P_???_*)))
                0x00000000080058f4                __init_APPLICATION_start = .
 *(SORT_BY_NAME(SORT_BY_ALIGNMENT(.z_init_APPLICATION_P_?_*)))
 .z_init_APPLICATION_P_5_SUB_0_
                0x00000000080058f4        0x8 zephyr/subsys/zbus/libsubsys__zbus.a(zbus.c.obj)
 *(SORT_BY_NAME(SORT_BY_ALIGNMENT(.z_init_APPLICATION_P_??_*)))
 *(SORT_BY_NAME(SORT_BY_ALIGNMENT(.z_init_APPLICATION_P_???_*)))
                0x00000000080058fc                __init_SMP_start = .
 *(SORT_BY_NAME(SORT_BY_ALIGNMENT(.z_init_SMP_P_?_*)))
 *(SORT_BY_NAME(SORT_BY_ALIGNMENT(.z_init_SMP_P_??_*)))
 *(SORT_BY_NAME(SORT_BY_ALIGNMENT(.z_init_SMP_P_???_*)))
                0x00000000080058fc                __init_end = .

device_area     0x00000000080058fc      0x134
                0x00000000080058fc                _device_list_start = .
 *(SORT_BY_NAME(SORT_BY_ALIGNMENT(._device.static.*_?_*)))
 ._device.static.1_1_
                0x00000000080058fc       0x1c zephyr/drivers/clock_control/libdrivers__clock_control.a(clock_stm32_ll_common.c.obj)
                0x00000000080058fc                __device_dts_ord_8
 *(SORT_BY_NAME(SORT_BY_ALIGNMENT(._device.static.*_??_*)))
 ._device.static.1_40_
                0x0000000008005918       0x1c zephyr/drivers/interrupt_controller/libdrivers__interrupt_controller.a(intc_exti_stm32.c.obj)
                0x0000000008005918                __device_dts_ord_49
 ._device.static.1_40_
                0x0000000008005934       0xfc zephyr/drivers/gpio/libdrivers__gpio.a(gpio_stm32.c.obj)
                0x0000000008005934                __device_dts_ord_82
                0x0000000008005950                __device_dts_ord_81
                0x000000000800596c                __device_dts_ord_80
                0x0000000008005988                __device_dts_ord_30
                0x00000000080059a4                __device_dts_ord_79
                0x00000000080059c0                __device_dts_ord_78
                0x00000000080059dc                __device_dts_ord_77
                0x00000000080059f8                __device_dts_ord_76
                0x0000000008005a14                __device_dts_ord_37
 *(SORT_BY_NAME(SORT_BY_ALIGNMENT(._device.static.*_???_*)))
 *(SORT_BY_NAME(SORT_BY_ALIGNMENT(._device.static.*_????_*)))
 *(SORT_BY_NAME(SORT_BY_ALIGNMENT(._device.static.*_?????_*)))
                0x0000000008005a30                _device_list_end = .

sw_isr_table    0x0000000008005a30      0x290
                0x0000000008005a30                . = ALIGN (0x4)
 *(SORT_BY_ALIGNMENT(.gnu.linkonce.sw_isr_table*))
 .gnu.linkonce.sw_isr_table
                0x0000000008005a30      0x290 zephyr/CMakeFiles/zephyr_final.dir/isr_tables.c.obj
                0x0000000008005a30                _sw_isr_table

initlevel_error
                0x0000000008005874        0x0
 *(SORT_BY_NAME(SORT_BY_ALIGNMENT(.z_init_*)))
                0x0000000000000001                ASSERT ((SIZEOF (initlevel_error) == 0x0), Undefined initialization levels used.)

app_shmem_regions
                0x0000000008005cc0        0x0
                0x0000000008005cc0                __app_shmem_regions_start = .
 *(SORT_BY_NAME(SORT_BY_ALIGNMENT(.app_regions.*)))
                0x0000000008005cc0                __app_shmem_regions_end = .

k_p4wq_initparam_area
                0x0000000008005cc0        0x0
                0x0000000008005cc0                _k_p4wq_initparam_list_start = .
 *(SORT_BY_NAME(SORT_BY_ALIGNMENT(._k_p4wq_initparam.static.*)))
                0x0000000008005cc0                _k_p4wq_initparam_list_end = .

_static_thread_data_area
                0x0000000008005cc0        0x0
                0x0000000008005cc0                __static_thread_data_list_start = .
 *(SORT_BY_NAME(SORT_BY_ALIGNMENT(.__static_thread_data.static.*)))
                0x0000000008005cc0                __static_thread_data_list_end = .

device_deps     0x0000000008005cc0        0x0
                0x0000000008005cc0                __device_deps_start = .
 *(SORT_BY_NAME(SORT_BY_ALIGNMENT(.__device_deps_pass2*)))
                0x0000000008005cc0                __device_deps_end = .

gpio_driver_api_area
                0x0000000008005cc0       0x24
                0x0000000008005cc0                _gpio_driver_api_list_start = .
 *(SORT_BY_NAME(SORT_BY_ALIGNMENT(._gpio_driver_api.static.*)))
 ._gpio_driver_api.static.gpio_stm32_driver_
                0x0000000008005cc0       0x24 zephyr/drivers/gpio/libdrivers__gpio.a(gpio_stm32.c.obj)
                0x0000000008005ce4                _gpio_driver_api_list_end = .

shared_irq_driver_api_area
                0x0000000008005ce4        0x0
                0x0000000008005ce4                _shared_irq_driver_api_list_start = .
 *(SORT_BY_NAME(SORT_BY_ALIGNMENT(._shared_irq_driver_api.static.*)))
                0x0000000008005ce4                _shared_irq_driver_api_list_end = .

crypto_driver_api_area
                0x0000000008005ce4        0x0